ARM Linker, 5.03 [Build 76] [MDK-ARM Lite]

==============================================================================

Section Cross References

    startup_lpc11xx.o(STACK) refers (Special) to heapauxi.o(.text) for __use_two_region_memory
    startup_lpc11xx.o(HEAP) refers (Special) to heapauxi.o(.text) for __use_two_region_memory
    startup_lpc11xx.o(RESET) refers (Special) to heapauxi.o(.text) for __use_two_region_memory
    startup_lpc11xx.o(RESET) refers to startup_lpc11xx.o(STACK) for __initial_sp
    startup_lpc11xx.o(RESET) refers to startup_lpc11xx.o(.text) for Reset_Handler
    startup_lpc11xx.o(RESET) refers to ssp.o(.text) for SSP1_IRQHandler
    startup_lpc11xx.o(RESET) refers to i2c.o(.text) for I2C_IRQHandler
    startup_lpc11xx.o(RESET) refers to uart.o(.text) for UART_IRQHandler
    startup_lpc11xx.o(.ARM.__at_0x02FC) refers (Special) to heapauxi.o(.text) for __use_two_region_memory
    startup_lpc11xx.o(.text) refers (Special) to heapauxi.o(.text) for __use_two_region_memory
    startup_lpc11xx.o(.text) refers to system_lpc11xx.o(.text) for SystemInit
    startup_lpc11xx.o(.text) refers to __main.o(!!!main) for __main
    startup_lpc11xx.o(.text) refers to startup_lpc11xx.o(HEAP) for Heap_Mem
    startup_lpc11xx.o(.text) refers to startup_lpc11xx.o(STACK) for Stack_Mem
    system_lpc11xx.o(.text) refers to system_lpc11xx.o(i.__ARM_common_switch8) for __ARM_common_switch8
    system_lpc11xx.o(.text) refers to aeabi_sdiv.o(.text) for __aeabi_uidivmod
    system_lpc11xx.o(.text) refers to system_lpc11xx.o(.data) for SystemCoreClock
    main.o(.text) refers to timer32.o(.text) for delay32Ms
    main.o(.text) refers to uart.o(.text) for UARTInit
    main.o(.text) refers to i2c.o(.text) for I2CInit
    main.o(.text) refers to mpu.o(.text) for MPU6050_init
    main.o(.text) refers to motors.o(.text) for motors_init
    main.o(.text) refers to kalman.o(.text) for kalman_init
    main.o(.text) refers to pid.o(.text) for pid_init
    main.o(.text) refers to fflti.o(.text) for __aeabi_ui2f
    main.o(.text) refers to fdiv.o(.text) for __aeabi_fdiv
    main.o(.text) refers to f2d.o(.text) for __aeabi_f2d
    main.o(.text) refers to atan2.o(i.atan2) for atan2
    main.o(.text) refers to dmul.o(.text) for __aeabi_dmul
    main.o(.text) refers to ddiv.o(.text) for __aeabi_ddiv
    main.o(.text) refers to d2f.o(.text) for __aeabi_d2f
    main.o(.text) refers to faddsub.o(x$fpl$fsub) for __aeabi_fsub
    main.o(.text) refers to main.o(.data) for ledState
    main.o(.text) refers to main.o(.bss) for kal_roll
    main.o(.text) refers to daddsub.o(.text) for __aeabi_dadd
    main.o(.text) refers to frlef.o(x$fpl$frleqf) for __aeabi_cfrcmple
    main.o(.text) refers to flef.o(x$fpl$fleqf) for __aeabi_cfcmple
    cpu_lpc1000.o(.text) refers to aeabi_sdiv.o(.text) for __aeabi_uidivmod
    cpu_lpc1000.o(.text) refers to system_lpc11xx.o(.data) for SystemCoreClock
    cpu_lpc1000.o(.text) refers to cpu_lpc1000.o(.data) for usTicks
    i2c.o(.text) refers to system_lpc11xx.o(i.__ARM_common_switch8) for __ARM_common_switch8
    i2c.o(.text) refers to i2c.o(.data) for timeout
    i2c.o(.text) refers to i2c.o(.bss) for I2CMasterBuffer
    kalman.o(.text) refers to faddsub.o(x$fpl$fsub) for __aeabi_fsub
    kalman.o(.text) refers to fmul.o(x$fpl$fmul) for __aeabi_fmul
    kalman.o(.text) refers to faddsub.o(x$fpl$fadd) for __aeabi_fadd
    kalman.o(.text) refers to faddsub.o(x$fpl$frsb) for __aeabi_frsub
    kalman.o(.text) refers to fdiv.o(.text) for __aeabi_fdiv
    motors.o(.text) refers to aeabi_sdiv.o(.text) for __aeabi_uidivmod
    motors.o(.text) refers to fmul.o(x$fpl$fmul) for __aeabi_fmul
    motors.o(.text) refers to faddsub.o(x$fpl$fadd) for __aeabi_fadd
    motors.o(.text) refers to ffixi.o(.text) for __aeabi_f2iz
    motors.o(.text) refers to system_lpc11xx.o(.data) for SystemCoreClock
    mpu.o(.text) refers to i2c.o(.text) for I2CEngine
    mpu.o(.text) refers to aeabi_sdiv.o(.text) for __aeabi_idivmod
    mpu.o(.text) refers to dflti.o(.text) for __aeabi_i2d
    mpu.o(.text) refers to ddiv.o(.text) for __aeabi_ddiv
    mpu.o(.text) refers to d2f.o(.text) for __aeabi_d2f
    mpu.o(.text) refers to fflti.o(.text) for __aeabi_i2f
    mpu.o(.text) refers to faddsub.o(x$fpl$fsub) for __aeabi_fsub
    mpu.o(.text) refers to ffixi.o(.text) for __aeabi_f2iz
    mpu.o(.text) refers to fdiv.o(.text) for __aeabi_fdiv
    mpu.o(.text) refers to i2c.o(.bss) for I2CMasterBuffer
    mpu.o(.text) refers to i2c.o(.data) for I2CWriteLength
    mpu.o(.text) refers to mpu.o(.data) for zero_gyro_roll
    pid.o(.text) refers to fflti.o(.text) for __aeabi_ui2f
    pid.o(.text) refers to faddsub.o(x$fpl$frsb) for __aeabi_frsub
    pid.o(.text) refers to frlef.o(x$fpl$frleqf) for __aeabi_cfrcmple
    pid.o(.text) refers to faddsub.o(x$fpl$fsub) for __aeabi_fsub
    pid.o(.text) refers to fmul.o(x$fpl$fmul) for __aeabi_fmul
    pid.o(.text) refers to faddsub.o(x$fpl$fadd) for __aeabi_fadd
    pid.o(.text) refers to flef.o(x$fpl$fleqf) for __aeabi_cfcmple
    pid.o(.text) refers to ffixui.o(.text) for __aeabi_f2uiz
    pid.o(.text) refers to f2d.o(.text) for __aeabi_f2d
    pid.o(.text) refers to ddiv.o(.text) for __aeabi_ddiv
    pid.o(.text) refers to d2f.o(.text) for __aeabi_d2f
    pid.o(.text) refers to fdiv.o(.text) for __aeabi_fdiv
    pid.o(.text) refers to dflti.o(.text) for __aeabi_i2d
    pid.o(.text) refers to dmul.o(.text) for __aeabi_dmul
    pid.o(.text) refers to pid.o(.data) for controllerDirection
    retarget.o(.text) refers (Special) to use_no_semi.o(.text) for __use_no_semihosting_swi
    retarget.o(.text) refers to uart.o(.text) for sendchar
    retarget.o(.data) refers (Special) to use_no_semi.o(.text) for __use_no_semihosting_swi
    ssp.o(.text) refers to ssp.o(.data) for interruptOverRunStat0
    timer32.o(.text) refers to timer32.o(.data) for timer32_1_period
    uart.o(.text) refers to uart.o(.data) for UARTStatus
    uart.o(.text) refers to uart.o(.bss) for UARTBuffer
    __main.o(!!!main) refers to rtentry.o(.ARM.Collect$$rtentry$$00000000) for __rt_entry
    d2f.o(.text) refers (Special) to usenofp.o(x$fpl$usenofp) for __I$use$fp
    daddsub.o(.text) refers (Special) to usenofp.o(x$fpl$usenofp) for __I$use$fp
    ddiv.o(.text) refers (Special) to usenofp.o(x$fpl$usenofp) for __I$use$fp
    ddiv.o(.text) refers to ddiv.o(.constdata) for .constdata
    ddiv.o(.constdata) refers (Special) to usenofp.o(x$fpl$usenofp) for __I$use$fp
    dflti.o(.text) refers (Special) to usenofp.o(x$fpl$usenofp) for __I$use$fp
    dmul.o(.text) refers (Special) to usenofp.o(x$fpl$usenofp) for __I$use$fp
    f2d.o(.text) refers (Special) to usenofp.o(x$fpl$usenofp) for __I$use$fp
    faddsub.o(x$fpl$fadd) refers (Special) to usenofp.o(x$fpl$usenofp) for __I$use$fp
    faddsub.o(x$fpl$fadd) refers to faddsub.o(x$fpl$fsub) for _fsub1
    faddsub.o(x$fpl$frsb) refers (Special) to usenofp.o(x$fpl$usenofp) for __I$use$fp
    faddsub.o(x$fpl$frsb) refers to faddsub.o(x$fpl$fsub) for _fsub1
    faddsub.o(x$fpl$frsb) refers to faddsub.o(x$fpl$fadd) for _fadd1
    faddsub.o(x$fpl$fsub) refers (Special) to usenofp.o(x$fpl$usenofp) for __I$use$fp
    faddsub.o(x$fpl$fsub) refers to faddsub.o(x$fpl$fadd) for _fadd1
    fdiv.o(.text) refers (Special) to usenofp.o(x$fpl$usenofp) for __I$use$fp
    fdiv.o(.text) refers to fdiv.o(.constdata) for .constdata
    fdiv.o(.constdata) refers (Special) to usenofp.o(x$fpl$usenofp) for __I$use$fp
    ffixi.o(.text) refers (Special) to usenofp.o(x$fpl$usenofp) for __I$use$fp
    ffixui.o(.text) refers (Special) to usenofp.o(x$fpl$usenofp) for __I$use$fp
    fflti.o(.text) refers (Special) to usenofp.o(x$fpl$usenofp) for __I$use$fp
    flef.o(x$fpl$fleqf) refers (Special) to usenofp.o(x$fpl$usenofp) for __I$use$fp
    flef.o(x$fpl$fleqf) refers to fcmpin.o(.text) for __fpl_fcmp_InfNaN
    fmul.o(x$fpl$fmul) refers (Special) to usenofp.o(x$fpl$usenofp) for __I$use$fp
    frlef.o(x$fpl$frleqf) refers (Special) to usenofp.o(x$fpl$usenofp) for __I$use$fp
    frlef.o(x$fpl$frleqf) refers to fcmpin.o(.text) for __fpl_fcmp_InfNaN
    atan2.o(i.__softfp_atan2) refers (Special) to usenofp.o(x$fpl$usenofp) for __I$use$fp
    atan2.o(i.__softfp_atan2) refers to atan2.o(i.atan2) for atan2
    atan2.o(i.atan2) refers (Special) to usenofp.o(x$fpl$usenofp) for __I$use$fp
    atan2.o(i.atan2) refers to daddsub.o(.text) for __aeabi_dadd
    atan2.o(i.atan2) refers to atan.o(i.atan) for atan
    atan2.o(i.atan2) refers to ddiv.o(.text) for __aeabi_ddiv
    atan2.o(i.atan2) refers to qnan.o(.constdata) for __mathlib_zero
    atan2_x.o(i.____softfp_atan2$lsc) refers (Special) to usenofp.o(x$fpl$usenofp) for __I$use$fp
    atan2_x.o(i.____softfp_atan2$lsc) refers to atan2_x.o(i.__atan2$lsc) for __atan2$lsc
    atan2_x.o(i.__atan2$lsc) refers (Special) to usenofp.o(x$fpl$usenofp) for __I$use$fp
    atan2_x.o(i.__atan2$lsc) refers to daddsub.o(.text) for __aeabi_dadd
    atan2_x.o(i.__atan2$lsc) refers to atan.o(i.atan) for atan
    atan2_x.o(i.__atan2$lsc) refers to _rserrno.o(.text) for __set_errno
    atan2_x.o(i.__atan2$lsc) refers to ddiv.o(.text) for __aeabi_ddiv
    atan2_x.o(i.__atan2$lsc) refers to qnan.o(.constdata) for __mathlib_zero
    rtentry.o(.ARM.Collect$$rtentry$$00000000) refers (Special) to rtentry2.o(.ARM.Collect$$rtentry$$0000000A) for __rt_entry_li
    rtentry.o(.ARM.Collect$$rtentry$$00000000) refers (Special) to rtentry2.o(.ARM.Collect$$rtentry$$0000000D) for __rt_entry_main
    rtentry.o(.ARM.Collect$$rtentry$$00000000) refers (Special) to rtentry2.o(.ARM.Collect$$rtentry$$0000000C) for __rt_entry_postli_1
    rtentry.o(.ARM.Collect$$rtentry$$00000000) refers (Special) to rtentry2.o(.ARM.Collect$$rtentry$$00000009) for __rt_entry_postsh_1
    rtentry.o(.ARM.Collect$$rtentry$$00000000) refers (Special) to rtentry2.o(.ARM.Collect$$rtentry$$00000002) for __rt_entry_presh_1
    rtentry.o(.ARM.Collect$$rtentry$$00000000) refers (Special) to rtentry4.o(.ARM.Collect$$rtentry$$00000004) for __rt_entry_sh
    aeabi_idiv0_sigfpe.o(.text) refers to rt_div0.o(.text) for __rt_div0
    _rserrno.o(.text) refers to rt_errno_addr_intlibspace.o(.text) for __aeabi_errno_addr
    fcmpin.o(.text) refers (Special) to usenofp.o(x$fpl$usenofp) for __I$use$fp
    fcmpin.o(.text) refers to cmpret.o(.text) for __fpl_cmpreturn
    fcmpin.o(.text) refers to fnan2.o(.text) for __fpl_fcheck_NaN2
    atan.o(i.__softfp_atan) refers (Special) to usenofp.o(x$fpl$usenofp) for __I$use$fp
    atan.o(i.__softfp_atan) refers to atan.o(i.atan) for atan
    atan.o(i.atan) refers (Special) to usenofp.o(x$fpl$usenofp) for __I$use$fp
    atan.o(i.atan) refers to dscalbn.o(.text) for __ARM_scalbn
    atan.o(i.atan) refers to fpclassify.o(i.__ARM_fpclassify) for __ARM_fpclassify
    atan.o(i.atan) refers to dunder.o(i.__mathlib_dbl_underflow) for __mathlib_dbl_underflow
    atan.o(i.atan) refers to daddsub.o(.text) for __aeabi_dadd
    atan.o(i.atan) refers to ddiv.o(.text) for __aeabi_ddiv
    atan.o(i.atan) refers to dmul.o(.text) for __aeabi_dmul
    atan.o(i.atan) refers to poly.o(i.__kernel_poly) for __kernel_poly
    atan.o(i.atan) refers to atan.o(.constdata) for .constdata
    atan.o(.constdata) refers (Special) to usenofp.o(x$fpl$usenofp) for __I$use$fp
    atan_x.o(i.____softfp_atan$lsc) refers (Special) to usenofp.o(x$fpl$usenofp) for __I$use$fp
    atan_x.o(i.____softfp_atan$lsc) refers to atan_x.o(i.__atan$lsc) for __atan$lsc
    atan_x.o(i.__atan$lsc) refers (Special) to usenofp.o(x$fpl$usenofp) for __I$use$fp
    atan_x.o(i.__atan$lsc) refers to dscalbn.o(.text) for __ARM_scalbn
    atan_x.o(i.__atan$lsc) refers to daddsub.o(.text) for __aeabi_dadd
    atan_x.o(i.__atan$lsc) refers to ddiv.o(.text) for __aeabi_ddiv
    atan_x.o(i.__atan$lsc) refers to dmul.o(.text) for __aeabi_dmul
    atan_x.o(i.__atan$lsc) refers to poly.o(i.__kernel_poly) for __kernel_poly
    atan_x.o(i.__atan$lsc) refers to atan_x.o(.constdata) for .constdata
    atan_x.o(.constdata) refers (Special) to usenofp.o(x$fpl$usenofp) for __I$use$fp
    qnan.o(.constdata) refers (Special) to usenofp.o(x$fpl$usenofp) for __I$use$fp
    rtentry2.o(.ARM.Collect$$rtentry$$00000008) refers to boardinit2.o(.text) for _platform_post_stackheap_init
    rtentry2.o(.ARM.Collect$$rtentry$$0000000A) refers to libinit.o(.ARM.Collect$$libinit$$00000000) for __rt_lib_init
    rtentry2.o(.ARM.Collect$$rtentry$$0000000B) refers to boardinit3.o(.text) for _platform_post_lib_init
    rtentry2.o(.ARM.Collect$$rtentry$$0000000D) refers to main.o(.text) for main
    rtentry2.o(.ARM.Collect$$rtentry$$0000000D) refers to exit.o(.text) for exit
    rtentry2.o(.ARM.exidx) refers to rtentry2.o(.ARM.Collect$$rtentry$$00000001) for .ARM.Collect$$rtentry$$00000001
    rtentry2.o(.ARM.exidx) refers to rtentry2.o(.ARM.Collect$$rtentry$$00000008) for .ARM.Collect$$rtentry$$00000008
    rtentry2.o(.ARM.exidx) refers to rtentry2.o(.ARM.Collect$$rtentry$$0000000A) for .ARM.Collect$$rtentry$$0000000A
    rtentry2.o(.ARM.exidx) refers to rtentry2.o(.ARM.Collect$$rtentry$$0000000B) for .ARM.Collect$$rtentry$$0000000B
    rtentry2.o(.ARM.exidx) refers to rtentry2.o(.ARM.Collect$$rtentry$$0000000D) for .ARM.Collect$$rtentry$$0000000D
    rtentry4.o(.ARM.Collect$$rtentry$$00000004) refers to sys_stackheap_outer.o(.text) for __user_setup_stackheap
    rtentry4.o(.ARM.exidx) refers to rtentry4.o(.ARM.Collect$$rtentry$$00000004) for .ARM.Collect$$rtentry$$00000004
    rt_div0.o(.text) refers to defsig_fpe_outer.o(.text) for __rt_SIGFPE
    rt_errno_addr.o(.text) refers to rt_errno_addr.o(.bss) for __aeabi_errno_addr_data
    rt_errno_addr_intlibspace.o(.text) refers to libspace.o(.bss) for __libspace_start
    cmpret.o(.text) refers (Special) to usenofp.o(x$fpl$usenofp) for __I$use$fp
    dscalbn.o(.text) refers (Special) to usenofp.o(x$fpl$usenofp) for __I$use$fp
    fnan2.o(.text) refers (Special) to usenofp.o(x$fpl$usenofp) for __I$use$fp
    fnan2.o(.text) refers to retnan.o(.text) for __fpl_return_NaN
    dunder.o(i.__mathlib_dbl_underflow) refers to dscalbn.o(.text) for __ARM_scalbn
    fpclassify.o(i.__ARM_fpclassify) refers (Special) to usenofp.o(x$fpl$usenofp) for __I$use$fp
    poly.o(i.__kernel_poly) refers (Special) to usenofp.o(x$fpl$usenofp) for __I$use$fp
    poly.o(i.__kernel_poly) refers to dmul.o(.text) for __aeabi_dmul
    poly.o(i.__kernel_poly) refers to daddsub.o(.text) for __aeabi_dadd
    libspace.o(.text) refers to libspace.o(.bss) for __libspace_start
    sys_stackheap_outer.o(.text) refers to libspace.o(.text) for __user_perproc_libspace
    sys_stackheap_outer.o(.text) refers to startup_lpc11xx.o(.text) for __user_initial_stackheap
    sys_stackheap_outer.o(__vectab_stack_and_reset_area) refers to tempstk.o(.text) for __temporary_stack_top
    sys_stackheap_outer.o(__vectab_stack_and_reset_area) refers to __main.o(!!!main) for __main
    exit.o(.text) refers to rtexit.o(.ARM.Collect$$rtexit$$00000000) for __rt_exit
    defsig_fpe_outer.o(.text) refers to defsig_fpe_inner.o(.text) for __rt_SIGFPE_inner
    defsig_fpe_outer.o(.text) refers to defsig_exit.o(.text) for __sig_exit
    defsig_fpe_formal.o(.text) refers to rt_raise.o(.text) for __rt_raise
    libinit.o(.ARM.Collect$$libinit$$00000000) refers (Special) to libinit2.o(.ARM.Collect$$libinit$$0000002C) for __rt_lib_init_alloca_1
    libinit.o(.ARM.Collect$$libinit$$00000000) refers (Special) to libinit2.o(.ARM.Collect$$libinit$$0000002A) for __rt_lib_init_argv_1
    libinit.o(.ARM.Collect$$libinit$$00000000) refers (Special) to libinit2.o(.ARM.Collect$$libinit$$00000019) for __rt_lib_init_atexit_1
    libinit.o(.ARM.Collect$$libinit$$00000000) refers (Special) to libinit2.o(.ARM.Collect$$libinit$$0000001F) for __rt_lib_init_clock_1
    libinit.o(.ARM.Collect$$libinit$$00000000) refers (Special) to libinit2.o(.ARM.Collect$$libinit$$00000030) for __rt_lib_init_cpp_1
    libinit.o(.ARM.Collect$$libinit$$00000000) refers (Special) to libinit2.o(.ARM.Collect$$libinit$$0000002E) for __rt_lib_init_exceptions_1
    libinit.o(.ARM.Collect$$libinit$$00000000) refers (Special) to libinit2.o(.ARM.Collect$$libinit$$00000001) for __rt_lib_init_fp_1
    libinit.o(.ARM.Collect$$libinit$$00000000) refers (Special) to libinit2.o(.ARM.Collect$$libinit$$0000001D) for __rt_lib_init_fp_trap_1
    libinit.o(.ARM.Collect$$libinit$$00000000) refers (Special) to libinit2.o(.ARM.Collect$$libinit$$00000021) for __rt_lib_init_getenv_1
    libinit.o(.ARM.Collect$$libinit$$00000000) refers (Special) to libinit2.o(.ARM.Collect$$libinit$$00000008) for __rt_lib_init_heap_1
    libinit.o(.ARM.Collect$$libinit$$00000000) refers (Special) to libinit2.o(.ARM.Collect$$libinit$$0000000F) for __rt_lib_init_lc_collate_1
    libinit.o(.ARM.Collect$$libinit$$00000000) refers (Special) to libinit2.o(.ARM.Collect$$libinit$$00000011) for __rt_lib_init_lc_ctype_1
    libinit.o(.ARM.Collect$$libinit$$00000000) refers (Special) to libinit2.o(.ARM.Collect$$libinit$$00000013) for __rt_lib_init_lc_monetary_1
    libinit.o(.ARM.Collect$$libinit$$00000000) refers (Special) to libinit2.o(.ARM.Collect$$libinit$$00000015) for __rt_lib_init_lc_numeric_1
    libinit.o(.ARM.Collect$$libinit$$00000000) refers (Special) to libinit2.o(.ARM.Collect$$libinit$$00000017) for __rt_lib_init_lc_time_1
    libinit.o(.ARM.Collect$$libinit$$00000000) refers (Special) to libinit2.o(.ARM.Collect$$libinit$$0000000C) for __rt_lib_init_rand_1
    libinit.o(.ARM.Collect$$libinit$$00000000) refers (Special) to libinit2.o(.ARM.Collect$$libinit$$00000031) for __rt_lib_init_return
    libinit.o(.ARM.Collect$$libinit$$00000000) refers (Special) to libinit2.o(.ARM.Collect$$libinit$$0000001B) for __rt_lib_init_signal_1
    libinit.o(.ARM.Collect$$libinit$$00000000) refers (Special) to libinit2.o(.ARM.Collect$$libinit$$00000023) for __rt_lib_init_stdio_1
    libinit.o(.ARM.Collect$$libinit$$00000000) refers (Special) to libinit2.o(.ARM.Collect$$libinit$$0000000A) for __rt_lib_init_user_alloc_1
    retnan.o(.text) refers (Special) to usenofp.o(x$fpl$usenofp) for __I$use$fp
    retnan.o(.text) refers to cmpret.o(.text) for __fpl_cmpreturn
    rtexit.o(.ARM.Collect$$rtexit$$00000000) refers (Special) to rtexit2.o(.ARM.Collect$$rtexit$$00000004) for __rt_exit_exit
    rtexit.o(.ARM.Collect$$rtexit$$00000000) refers (Special) to rtexit2.o(.ARM.Collect$$rtexit$$00000003) for __rt_exit_ls
    rtexit.o(.ARM.Collect$$rtexit$$00000000) refers (Special) to rtexit2.o(.ARM.Collect$$rtexit$$00000002) for __rt_exit_prels_1
    rtexit.o(.ARM.exidx) refers (Special) to rtexit2.o(.ARM.Collect$$rtexit$$00000004) for __rt_exit_exit
    rtexit.o(.ARM.exidx) refers (Special) to rtexit2.o(.ARM.Collect$$rtexit$$00000003) for __rt_exit_ls
    rtexit.o(.ARM.exidx) refers (Special) to rtexit2.o(.ARM.Collect$$rtexit$$00000002) for __rt_exit_prels_1
    rtexit.o(.ARM.exidx) refers to rtexit.o(.ARM.Collect$$rtexit$$00000000) for .ARM.Collect$$rtexit$$00000000
    rt_raise.o(.text) refers to __raise.o(.text) for __raise
    rt_raise.o(.text) refers to retarget.o(.text) for _sys_exit
    defsig_exit.o(.text) refers to retarget.o(.text) for _sys_exit
    defsig_fpe_inner.o(.text) refers to defsig_general.o(.text) for __default_signal_display
    libinit2.o(.ARM.Collect$$libinit$$0000000E) refers to libinit2.o(.ARM.Collect$$libinit$$0000000D) for .ARM.Collect$$libinit$$0000000D
    libinit2.o(.ARM.Collect$$libinit$$00000010) refers to libinit2.o(.ARM.Collect$$libinit$$0000000D) for .ARM.Collect$$libinit$$0000000D
    libinit2.o(.ARM.Collect$$libinit$$00000012) refers to libinit2.o(.ARM.Collect$$libinit$$0000000D) for .ARM.Collect$$libinit$$0000000D
    libinit2.o(.ARM.Collect$$libinit$$00000014) refers to libinit2.o(.ARM.Collect$$libinit$$0000000D) for .ARM.Collect$$libinit$$0000000D
    libinit2.o(.ARM.Collect$$libinit$$00000016) refers to libinit2.o(.ARM.Collect$$libinit$$0000000D) for .ARM.Collect$$libinit$$0000000D
    libinit2.o(.ARM.Collect$$libinit$$00000024) refers to argv_veneer.o(.text) for __ARM_argv_veneer
    libinit2.o(.ARM.Collect$$libinit$$00000025) refers to argv_veneer.o(.text) for __ARM_argv_veneer
    rtexit2.o(.ARM.Collect$$rtexit$$00000003) refers to libshutdown.o(.ARM.Collect$$libshutdown$$00000000) for __rt_lib_shutdown
    rtexit2.o(.ARM.Collect$$rtexit$$00000004) refers to retarget.o(.text) for _sys_exit
    rtexit2.o(.ARM.exidx) refers to rtexit2.o(.ARM.Collect$$rtexit$$00000001) for .ARM.Collect$$rtexit$$00000001
    rtexit2.o(.ARM.exidx) refers to rtexit2.o(.ARM.Collect$$rtexit$$00000003) for .ARM.Collect$$rtexit$$00000003
    rtexit2.o(.ARM.exidx) refers to rtexit2.o(.ARM.Collect$$rtexit$$00000004) for .ARM.Collect$$rtexit$$00000004
    __raise.o(.text) refers to defsig.o(CL$$defsig) for __default_signal_handler
    defsig_general.o(.text) refers to retarget.o(.text) for _ttywrch
    defsig.o(CL$$defsig) refers to defsig_fpe_inner.o(.text) for __rt_SIGFPE_inner
    defsig.o(CL$$defsig) refers to defsig_rtmem_inner.o(.text) for __rt_SIGRTMEM_inner
    _get_argv_nomalloc.o(.text) refers (Special) to hrguard.o(.text) for __heap_region$guard
    _get_argv_nomalloc.o(.text) refers to defsig_rtmem_outer.o(.text) for __rt_SIGRTMEM
    _get_argv_nomalloc.o(.text) refers to sys_command.o(.text) for _sys_command_string
    libshutdown.o(.ARM.Collect$$libshutdown$$00000000) refers (Special) to libshutdown2.o(.ARM.Collect$$libshutdown$$00000006) for __rt_lib_shutdown_fp_trap_1
    libshutdown.o(.ARM.Collect$$libshutdown$$00000000) refers (Special) to libshutdown2.o(.ARM.Collect$$libshutdown$$0000000E) for __rt_lib_shutdown_heap_1
    libshutdown.o(.ARM.Collect$$libshutdown$$00000000) refers (Special) to libshutdown2.o(.ARM.Collect$$libshutdown$$0000000F) for __rt_lib_shutdown_return
    libshutdown.o(.ARM.Collect$$libshutdown$$00000000) refers (Special) to libshutdown2.o(.ARM.Collect$$libshutdown$$00000009) for __rt_lib_shutdown_signal_1
    libshutdown.o(.ARM.Collect$$libshutdown$$00000000) refers (Special) to libshutdown2.o(.ARM.Collect$$libshutdown$$00000003) for __rt_lib_shutdown_stdio_1
    libshutdown.o(.ARM.Collect$$libshutdown$$00000000) refers (Special) to libshutdown2.o(.ARM.Collect$$libshutdown$$0000000B) for __rt_lib_shutdown_user_alloc_1
    sys_command.o(.text) refers (Special) to use_no_semi.o(.text) for __I$use$semihosting
    sys_command.o(.text) refers (Special) to indicate_semi.o(.text) for __semihosting_library_function
    defsig_abrt_inner.o(.text) refers to defsig_general.o(.text) for __default_signal_display
    defsig_rtred_inner.o(.text) refers to defsig_general.o(.text) for __default_signal_display
    defsig_rtmem_inner.o(.text) refers to defsig_general.o(.text) for __default_signal_display
    defsig_rtmem_outer.o(.text) refers to defsig_rtmem_inner.o(.text) for __rt_SIGRTMEM_inner
    defsig_rtmem_outer.o(.text) refers to defsig_exit.o(.text) for __sig_exit
    defsig_rtmem_formal.o(.text) refers to rt_raise.o(.text) for __rt_raise
    defsig_stak_inner.o(.text) refers to defsig_general.o(.text) for __default_signal_display
    defsig_pvfn_inner.o(.text) refers to defsig_general.o(.text) for __default_signal_display
    defsig_cppl_inner.o(.text) refers to defsig_general.o(.text) for __default_signal_display
    defsig_segv_inner.o(.text) refers to defsig_general.o(.text) for __default_signal_display
    defsig_other.o(.text) refers to defsig_general.o(.text) for __default_signal_display


==============================================================================

Removing Unused input sections from the image.

    Removing system_lpc11xx.o(.rev16_text), (4 bytes).
    Removing system_lpc11xx.o(.revsh_text), (4 bytes).
    Removing main.o(.rev16_text), (4 bytes).
    Removing main.o(.revsh_text), (4 bytes).
    Removing cpu_lpc1000.o(.rev16_text), (4 bytes).
    Removing cpu_lpc1000.o(.revsh_text), (4 bytes).
    Removing cpu_lpc1000.o(.text), (256 bytes).
    Removing cpu_lpc1000.o(.data), (4 bytes).
    Removing debug_printf.o(.rev16_text), (4 bytes).
    Removing debug_printf.o(.revsh_text), (4 bytes).
    Removing i2c.o(.rev16_text), (4 bytes).
    Removing i2c.o(.revsh_text), (4 bytes).
    Removing motors.o(.rev16_text), (4 bytes).
    Removing motors.o(.revsh_text), (4 bytes).
    Removing retarget.o(.data), (8 bytes).
    Removing ssp.o(.rev16_text), (4 bytes).
    Removing ssp.o(.revsh_text), (4 bytes).
    Removing timer32.o(.rev16_text), (4 bytes).
    Removing timer32.o(.revsh_text), (4 bytes).
    Removing uart.o(.rev16_text), (4 bytes).
    Removing uart.o(.revsh_text), (4 bytes).

21 unused section(s) (total 340 bytes) removed from the image.

==============================================================================

Image Symbol Table

    Local Symbols

    Symbol Name                              Value     Ov Type        Size  Object(Section)

    RESET                                    0x00000000   Section      192  startup_lpc11xx.o(RESET)
    ../clib/angel/boardlib.s                 0x00000000   Number         0  boardinit2.o ABSOLUTE
    ../clib/angel/boardlib.s                 0x00000000   Number         0  boardinit3.o ABSOLUTE
    ../clib/angel/boardlib.s                 0x00000000   Number         0  boardinit1.o ABSOLUTE
    ../clib/angel/boardlib.s                 0x00000000   Number         0  boardshut.o ABSOLUTE
    ../clib/angel/handlers.s                 0x00000000   Number         0  __scatter_zi.o ABSOLUTE
    ../clib/angel/handlers.s                 0x00000000   Number         0  __scatter_copy.o ABSOLUTE
    ../clib/angel/kernel.s                   0x00000000   Number         0  rtentry.o ABSOLUTE
    ../clib/angel/kernel.s                   0x00000000   Number         0  rtentry2.o ABSOLUTE
    ../clib/angel/kernel.s                   0x00000000   Number         0  rtexit.o ABSOLUTE
    ../clib/angel/kernel.s                   0x00000000   Number         0  rtexit2.o ABSOLUTE
    ../clib/angel/kernel.s                   0x00000000   Number         0  rtentry4.o ABSOLUTE
    ../clib/angel/rt.s                       0x00000000   Number         0  aeabi_idiv0_sigfpe.o ABSOLUTE
    ../clib/angel/rt.s                       0x00000000   Number         0  aeabi_idiv0.o ABSOLUTE
    ../clib/angel/rt.s                       0x00000000   Number         0  rt_errno_addr_intlibspace.o ABSOLUTE
    ../clib/angel/rt.s                       0x00000000   Number         0  rt_errno_addr.o ABSOLUTE
    ../clib/angel/rt.s                       0x00000000   Number         0  rt_raise.o ABSOLUTE
    ../clib/angel/rt.s                       0x00000000   Number         0  rt_div0.o ABSOLUTE
    ../clib/angel/scatterp.s                 0x00000000   Number         0  __scatter.o ABSOLUTE
    ../clib/angel/startup.s                  0x00000000   Number         0  __main.o ABSOLUTE
    ../clib/angel/sys.s                      0x00000000   Number         0  use_no_semi.o ABSOLUTE
    ../clib/angel/sys.s                      0x00000000   Number         0  sys_stackheap_outer.o ABSOLUTE
    ../clib/angel/sys.s                      0x00000000   Number         0  tempstk.o ABSOLUTE
    ../clib/angel/sys.s                      0x00000000   Number         0  libspace.o ABSOLUTE
    ../clib/angel/sys.s                      0x00000000   Number         0  indicate_semi.o ABSOLUTE
    ../clib/angel/sysapp.c                   0x00000000   Number         0  sys_command.o ABSOLUTE
    ../clib/armsys.c                         0x00000000   Number         0  _get_argv_nomalloc.o ABSOLUTE
    ../clib/armsys.c                         0x00000000   Number         0  argv_veneer.o ABSOLUTE
    ../clib/armsys.c                         0x00000000   Number         0  no_argv.o ABSOLUTE
    ../clib/division.s                       0x00000000   Number         0  aeabi_sdiv_div0.o ABSOLUTE
    ../clib/division.s                       0x00000000   Number         0  aeabi_sdiv.o ABSOLUTE
    ../clib/fenv.c                           0x00000000   Number         0  _rserrno.o ABSOLUTE
    ../clib/heapalloc.c                      0x00000000   Number         0  hrguard.o ABSOLUTE
    ../clib/heapaux.c                        0x00000000   Number         0  heapauxi.o ABSOLUTE
    ../clib/libinit.s                        0x00000000   Number         0  libinit.o ABSOLUTE
    ../clib/libinit.s                        0x00000000   Number         0  libshutdown.o ABSOLUTE
    ../clib/libinit.s                        0x00000000   Number         0  libinit2.o ABSOLUTE
    ../clib/libinit.s                        0x00000000   Number         0  libshutdown2.o ABSOLUTE
    ../clib/signal.c                         0x00000000   Number         0  defsig_segv_inner.o ABSOLUTE
    ../clib/signal.c                         0x00000000   Number         0  defsig_cppl_inner.o ABSOLUTE
    ../clib/signal.c                         0x00000000   Number         0  defsig_pvfn_inner.o ABSOLUTE
    ../clib/signal.c                         0x00000000   Number         0  defsig_stak_inner.o ABSOLUTE
    ../clib/signal.c                         0x00000000   Number         0  defsig_rtmem_formal.o ABSOLUTE
    ../clib/signal.c                         0x00000000   Number         0  defsig_rtmem_outer.o ABSOLUTE
    ../clib/signal.c                         0x00000000   Number         0  defsig_rtmem_inner.o ABSOLUTE
    ../clib/signal.c                         0x00000000   Number         0  defsig_rtred_inner.o ABSOLUTE
    ../clib/signal.c                         0x00000000   Number         0  defsig_abrt_inner.o ABSOLUTE
    ../clib/signal.c                         0x00000000   Number         0  defsig_general.o ABSOLUTE
    ../clib/signal.c                         0x00000000   Number         0  __raise.o ABSOLUTE
    ../clib/signal.c                         0x00000000   Number         0  defsig_fpe_inner.o ABSOLUTE
    ../clib/signal.c                         0x00000000   Number         0  defsig_exit.o ABSOLUTE
    ../clib/signal.c                         0x00000000   Number         0  defsig_fpe_formal.o ABSOLUTE
    ../clib/signal.c                         0x00000000   Number         0  defsig_fpe_outer.o ABSOLUTE
    ../clib/signal.c                         0x00000000   Number         0  defsig_other.o ABSOLUTE
    ../clib/signal.s                         0x00000000   Number         0  defsig.o ABSOLUTE
    ../clib/stdlib.c                         0x00000000   Number         0  exit.o ABSOLUTE
    ../fplib/cfplib/cmpret.c                 0x00000000   Number         0  cmpret.o ABSOLUTE
    ../fplib/cfplib/d2f.c                    0x00000000   Number         0  d2f.o ABSOLUTE
    ../fplib/cfplib/daddsub.c                0x00000000   Number         0  daddsub.o ABSOLUTE
    ../fplib/cfplib/ddiv.c                   0x00000000   Number         0  ddiv.o ABSOLUTE
    ../fplib/cfplib/dmul.c                   0x00000000   Number         0  dmul.o ABSOLUTE
    ../fplib/cfplib/f2d.c                    0x00000000   Number         0  f2d.o ABSOLUTE
    ../fplib/cfplib/fcmpin.c                 0x00000000   Number         0  fcmpin.o ABSOLUTE
    ../fplib/cfplib/fdiv.c                   0x00000000   Number         0  fdiv.o ABSOLUTE
    ../fplib/cfplib/ffix.c                   0x00000000   Number         0  ffixi.o ABSOLUTE
    ../fplib/cfplib/ffix.c                   0x00000000   Number         0  ffixui.o ABSOLUTE
    ../fplib/cfplib/fflt.c                   0x00000000   Number         0  fflti.o ABSOLUTE
    ../fplib/cfplib/fflt.c                   0x00000000   Number         0  dflti.o ABSOLUTE
    ../fplib/cfplib/fpinit.c                 0x00000000   Number         0  fpinit.o ABSOLUTE
    ../fplib/cfplib/nan2.c                   0x00000000   Number         0  fnan2.o ABSOLUTE
    ../fplib/cfplib/retnan.c                 0x00000000   Number         0  retnan.o ABSOLUTE
    ../fplib/cfplib/scalbn.c                 0x00000000   Number         0  dscalbn.o ABSOLUTE
    ../fplib/faddsub6m.s                     0x00000000   Number         0  faddsub.o ABSOLUTE
    ../fplib/fleqf6m.s                       0x00000000   Number         0  flef.o ABSOLUTE
    ../fplib/fmul6m.s                        0x00000000   Number         0  fmul.o ABSOLUTE
    ../fplib/frleqf6m.s                      0x00000000   Number         0  frlef.o ABSOLUTE
    ../fplib/usenofp.s                       0x00000000   Number         0  usenofp.o ABSOLUTE
    ../mathlib/atan.c                        0x00000000   Number         0  atan_x.o ABSOLUTE
    ../mathlib/atan.c                        0x00000000   Number         0  atan.o ABSOLUTE
    ../mathlib/atan2.c                       0x00000000   Number         0  atan2.o ABSOLUTE
    ../mathlib/atan2.c                       0x00000000   Number         0  atan2_x.o ABSOLUTE
    ../mathlib/dunder.c                      0x00000000   Number         0  dunder.o ABSOLUTE
    ../mathlib/fpclassify.c                  0x00000000   Number         0  fpclassify.o ABSOLUTE
    ../mathlib/poly.c                        0x00000000   Number         0  poly.o ABSOLUTE
    ../mathlib/qnan.c                        0x00000000   Number         0  qnan.o ABSOLUTE
    cpu_lpc1000.c                            0x00000000   Number         0  cpu_lpc1000.o ABSOLUTE
    cpu_lpc1000.c                            0x00000000   Number         0  cpu_lpc1000.o ABSOLUTE
    dc.s                                     0x00000000   Number         0  dc.o ABSOLUTE
    debug_printf.c                           0x00000000   Number         0  debug_printf.o ABSOLUTE
    debug_printf.c                           0x00000000   Number         0  debug_printf.o ABSOLUTE
    i2c.c                                    0x00000000   Number         0  i2c.o ABSOLUTE
    i2c.c                                    0x00000000   Number         0  i2c.o ABSOLUTE
    kalman.c                                 0x00000000   Number         0  kalman.o ABSOLUTE
    main.c                                   0x00000000   Number         0  main.o ABSOLUTE
    main.c                                   0x00000000   Number         0  main.o ABSOLUTE
    motors.c                                 0x00000000   Number         0  motors.o ABSOLUTE
    motors.c                                 0x00000000   Number         0  motors.o ABSOLUTE
    mpu.c                                    0x00000000   Number         0  mpu.o ABSOLUTE
    pid.c                                    0x00000000   Number         0  pid.o ABSOLUTE
    retarget.c                               0x00000000   Number         0  retarget.o ABSOLUTE
    ssp.c                                    0x00000000   Number         0  ssp.o ABSOLUTE
    ssp.c                                    0x00000000   Number         0  ssp.o ABSOLUTE
    startup_LPC11xx.s                        0x00000000   Number         0  startup_lpc11xx.o ABSOLUTE
    system_LPC11xx.c                         0x00000000   Number         0  system_lpc11xx.o ABSOLUTE
    system_LPC11xx.c                         0x00000000   Number         0  system_lpc11xx.o ABSOLUTE
    timer32.c                                0x00000000   Number         0  timer32.o ABSOLUTE
    timer32.c                                0x00000000   Number         0  timer32.o ABSOLUTE
    uart.c                                   0x00000000   Number         0  uart.o ABSOLUTE
    uart.c                                   0x00000000   Number         0  uart.o ABSOLUTE
    !!!main                                  0x000000c0   Section        8  __main.o(!!!main)
    !!!scatter                               0x000000c8   Section       60  __scatter.o(!!!scatter)
    !!handler_copy                           0x00000104   Section       26  __scatter_copy.o(!!handler_copy)
    !!handler_zi                             0x00000120   Section       28  __scatter_zi.o(!!handler_zi)
    .ARM.Collect$$libinit$$00000000          0x0000013c   Section        2  libinit.o(.ARM.Collect$$libinit$$00000000)
    .ARM.Collect$$libinit$$00000001          0x0000013e   Section        4  libinit2.o(.ARM.Collect$$libinit$$00000001)
    .ARM.Collect$$libinit$$00000008          0x00000142   Section        0  libinit2.o(.ARM.Collect$$libinit$$00000008)
    .ARM.Collect$$libinit$$0000000A          0x00000142   Section        0  libinit2.o(.ARM.Collect$$libinit$$0000000A)
    .ARM.Collect$$libinit$$0000000C          0x00000142   Section        0  libinit2.o(.ARM.Collect$$libinit$$0000000C)
    .ARM.Collect$$libinit$$0000000F          0x00000142   Section        0  libinit2.o(.ARM.Collect$$libinit$$0000000F)
    .ARM.Collect$$libinit$$00000011          0x00000142   Section        0  libinit2.o(.ARM.Collect$$libinit$$00000011)
    .ARM.Collect$$libinit$$00000013          0x00000142   Section        0  libinit2.o(.ARM.Collect$$libinit$$00000013)
    .ARM.Collect$$libinit$$00000015          0x00000142   Section        0  libinit2.o(.ARM.Collect$$libinit$$00000015)
    .ARM.Collect$$libinit$$00000017          0x00000142   Section        0  libinit2.o(.ARM.Collect$$libinit$$00000017)
    .ARM.Collect$$libinit$$00000019          0x00000142   Section        0  libinit2.o(.ARM.Collect$$libinit$$00000019)
    .ARM.Collect$$libinit$$0000001B          0x00000142   Section        0  libinit2.o(.ARM.Collect$$libinit$$0000001B)
    .ARM.Collect$$libinit$$0000001D          0x00000142   Section        0  libinit2.o(.ARM.Collect$$libinit$$0000001D)
    .ARM.Collect$$libinit$$0000001F          0x00000142   Section        0  libinit2.o(.ARM.Collect$$libinit$$0000001F)
    .ARM.Collect$$libinit$$00000021          0x00000142   Section        0  libinit2.o(.ARM.Collect$$libinit$$00000021)
    .ARM.Collect$$libinit$$00000023          0x00000142   Section        0  libinit2.o(.ARM.Collect$$libinit$$00000023)
    .ARM.Collect$$libinit$$0000002A          0x00000142   Section        0  libinit2.o(.ARM.Collect$$libinit$$0000002A)
    .ARM.Collect$$libinit$$0000002C          0x00000142   Section        0  libinit2.o(.ARM.Collect$$libinit$$0000002C)
    .ARM.Collect$$libinit$$0000002E          0x00000142   Section        0  libinit2.o(.ARM.Collect$$libinit$$0000002E)
    .ARM.Collect$$libinit$$00000030          0x00000142   Section        0  libinit2.o(.ARM.Collect$$libinit$$00000030)
    .ARM.Collect$$libinit$$00000031          0x00000142   Section        2  libinit2.o(.ARM.Collect$$libinit$$00000031)
    .ARM.Collect$$libshutdown$$00000000      0x00000144   Section        2  libshutdown.o(.ARM.Collect$$libshutdown$$00000000)
    .ARM.Collect$$libshutdown$$00000003      0x00000146   Section        0  libshutdown2.o(.ARM.Collect$$libshutdown$$00000003)
    .ARM.Collect$$libshutdown$$00000006      0x00000146   Section        0  libshutdown2.o(.ARM.Collect$$libshutdown$$00000006)
    .ARM.Collect$$libshutdown$$00000009      0x00000146   Section        0  libshutdown2.o(.ARM.Collect$$libshutdown$$00000009)
    .ARM.Collect$$libshutdown$$0000000B      0x00000146   Section        0  libshutdown2.o(.ARM.Collect$$libshutdown$$0000000B)
    .ARM.Collect$$libshutdown$$0000000E      0x00000146   Section        0  libshutdown2.o(.ARM.Collect$$libshutdown$$0000000E)
    .ARM.Collect$$libshutdown$$0000000F      0x00000146   Section        2  libshutdown2.o(.ARM.Collect$$libshutdown$$0000000F)
    .ARM.Collect$$rtentry$$00000000          0x00000148   Section        0  rtentry.o(.ARM.Collect$$rtentry$$00000000)
    .ARM.Collect$$rtentry$$00000002          0x00000148   Section        0  rtentry2.o(.ARM.Collect$$rtentry$$00000002)
    .ARM.Collect$$rtentry$$00000004          0x00000148   Section        6  rtentry4.o(.ARM.Collect$$rtentry$$00000004)
    .ARM.Collect$$rtentry$$00000009          0x0000014e   Section        0  rtentry2.o(.ARM.Collect$$rtentry$$00000009)
    .ARM.Collect$$rtentry$$0000000A          0x0000014e   Section        4  rtentry2.o(.ARM.Collect$$rtentry$$0000000A)
    .ARM.Collect$$rtentry$$0000000C          0x00000152   Section        0  rtentry2.o(.ARM.Collect$$rtentry$$0000000C)
    .ARM.Collect$$rtentry$$0000000D          0x00000152   Section        8  rtentry2.o(.ARM.Collect$$rtentry$$0000000D)
    .ARM.Collect$$rtexit$$00000000           0x0000015a   Section        2  rtexit.o(.ARM.Collect$$rtexit$$00000000)
    .ARM.Collect$$rtexit$$00000002           0x0000015c   Section        0  rtexit2.o(.ARM.Collect$$rtexit$$00000002)
    .ARM.Collect$$rtexit$$00000003           0x0000015c   Section        4  rtexit2.o(.ARM.Collect$$rtexit$$00000003)
    .ARM.Collect$$rtexit$$00000004           0x00000160   Section        6  rtexit2.o(.ARM.Collect$$rtexit$$00000004)
    .text                                    0x00000168   Section       52  startup_lpc11xx.o(.text)
    .text                                    0x0000019c   Section        0  kalman.o(.text)
    .text                                    0x000002f0   Section        2  use_no_semi.o(.text)
    .text                                    0x000002f2   Section        0  heapauxi.o(.text)
    x$fpl$usenofp                            0x000002f8   Section        0  usenofp.o(x$fpl$usenofp)
    .ARM.__at_0x02FC                         0x000002fc   Section        4  startup_lpc11xx.o(.ARM.__at_0x02FC)
    .text                                    0x00000300   Section        0  system_lpc11xx.o(.text)
    .text                                    0x00000520   Section        0  main.o(.text)
    .text                                    0x00000c94   Section        0  i2c.o(.text)
    .text                                    0x00000f74   Section        0  motors.o(.text)
    .text                                    0x000010d0   Section        0  mpu.o(.text)
    .text                                    0x000014b4   Section        0  pid.o(.text)
    .text                                    0x00001784   Section        0  retarget.o(.text)
    .text                                    0x000017bc   Section        0  ssp.o(.text)
    NVIC_EnableIRQ                           0x00001aab   Thumb Code    14  ssp.o(.text)
    .text                                    0x00001af4   Section        0  timer32.o(.text)
    .text                                    0x00001e48   Section        0  uart.o(.text)
    .text                                    0x00002160   Section      346  aeabi_sdiv.o(.text)
    .text                                    0x000022bc   Section        0  d2f.o(.text)
    .text                                    0x00002338   Section        0  daddsub.o(.text)
    _dadd1                                   0x00002339   Thumb Code   286  daddsub.o(.text)
    _dsub1                                   0x00002457   Thumb Code   468  daddsub.o(.text)
    .text                                    0x00002684   Section        0  ddiv.o(.text)
    .text                                    0x00002ad0   Section        0  dflti.o(.text)
    .text                                    0x00002b28   Section        0  dmul.o(.text)
    .text                                    0x00002d80   Section        0  f2d.o(.text)
    .text                                    0x00002dd8   Section        0  fdiv.o(.text)
    .text                                    0x00002f38   Section        0  ffixi.o(.text)
    .text                                    0x00002f84   Section        0  ffixui.o(.text)
    .text                                    0x00002fb4   Section        0  fflti.o(.text)
    .text                                    0x00003014   Section        0  fcmpin.o(.text)
    .text                                    0x00003078   Section        0  cmpret.o(.text)
    .text                                    0x000030a8   Section        0  dscalbn.o(.text)
    .text                                    0x00003104   Section        0  fnan2.o(.text)
    .text                                    0x00003114   Section        8  libspace.o(.text)
    .text                                    0x0000311c   Section       62  sys_stackheap_outer.o(.text)
    .text                                    0x0000315a   Section        0  exit.o(.text)
    .text                                    0x00003166   Section        0  retnan.o(.text)
    i.__ARM_common_switch8                   0x000031c4   Section        0  system_lpc11xx.o(i.__ARM_common_switch8)
    i.__ARM_fpclassify                       0x000031e0   Section        0  fpclassify.o(i.__ARM_fpclassify)
    i.__kernel_poly                          0x0000320c   Section        0  poly.o(i.__kernel_poly)
    i.__mathlib_dbl_underflow                0x000032b8   Section        0  dunder.o(i.__mathlib_dbl_underflow)
    i.atan                                   0x000032cc   Section        0  atan.o(i.atan)
    i.atan2                                  0x000034ec   Section        0  atan2.o(i.atan2)
    x$fpl$fadd                               0x00003664   Section      140  faddsub.o(x$fpl$fadd)
    _fadd1                                   0x00003671   Thumb Code     0  faddsub.o(x$fpl$fadd)
    x$fpl$fleqf                              0x000036f0   Section       84  flef.o(x$fpl$fleqf)
    x$fpl$fmul                               0x00003744   Section      176  fmul.o(x$fpl$fmul)
    x$fpl$frleqf                             0x000037f4   Section       88  frlef.o(x$fpl$frleqf)
    x$fpl$frsb                               0x0000384c   Section       24  faddsub.o(x$fpl$frsb)
    x$fpl$fsub                               0x00003864   Section      208  faddsub.o(x$fpl$fsub)
    _fsub1                                   0x00003871   Thumb Code     0  faddsub.o(x$fpl$fsub)
    .constdata                               0x00003934   Section      128  ddiv.o(.constdata)
    ddiv_reciptbl                            0x00003934   Data         128  ddiv.o(.constdata)
    .constdata                               0x000039b4   Section       64  fdiv.o(.constdata)
    fdiv_tab                                 0x000039b4   Data          64  fdiv.o(.constdata)
    .constdata                               0x000039f8   Section      152  atan.o(.constdata)
    atanhi                                   0x000039f8   Data          32  atan.o(.constdata)
    atanlo                                   0x00003a18   Data          32  atan.o(.constdata)
    aTodd                                    0x00003a38   Data          40  atan.o(.constdata)
    aTeven                                   0x00003a60   Data          48  atan.o(.constdata)
    .constdata                               0x00003a90   Section        8  qnan.o(.constdata)
    .data                                    0x10000000   Section        4  system_lpc11xx.o(.data)
    .data                                    0x10000004   Section      120  main.o(.data)
    .data                                    0x1000007c   Section       36  i2c.o(.data)
    .data                                    0x100000a0   Section       14  mpu.o(.data)
    .data                                    0x100000b0   Section        4  pid.o(.data)
    .data                                    0x100000b4   Section       24  ssp.o(.data)
    .data                                    0x100000cc   Section        8  timer32.o(.data)
    .data                                    0x100000d4   Section       12  uart.o(.data)
    .bss                                     0x100000e0   Section      480  main.o(.bss)
    .bss                                     0x100002c0   Section      128  i2c.o(.bss)
    .bss                                     0x10000340   Section       64  uart.o(.bss)
    .bss                                     0x10000380   Section       96  libspace.o(.bss)
    HEAP                                     0x100003e0   Section        0  startup_lpc11xx.o(HEAP)
    STACK                                    0x100003e0   Section      512  startup_lpc11xx.o(STACK)
    Heap_Mem                                 0x100003e0   Data           0  startup_lpc11xx.o(HEAP)
    Stack_Mem                                0x100003e0   Data         512  startup_lpc11xx.o(STACK)
    __initial_sp                             0x100005e0   Data           0  startup_lpc11xx.o(STACK)

    Global Symbols

    Symbol Name                              Value     Ov Type        Size  Object(Section)

    BuildAttributes$$THM_ISAv3M$S$PE$A:L22$X:L11$S22$IEEE1$IW$USESV6$~STKCKD$USESV7$~SHL$OTIME$ROPI$IEEEX$EBA8$UX$STANDARDLIB$REQ8$PRES8$EABIv2 0x00000000   Number         0  anon$$obj.o ABSOLUTE
    __ARM_use_no_argv                        0x00000000   Number         0  main.o ABSOLUTE
    __Vectors                                0x00000000   Data           4  startup_lpc11xx.o(RESET)
    __ARM_exceptions_init                     - Undefined Weak Reference
    __alloca_initialize                       - Undefined Weak Reference
    __cpp_initialize__aeabi_                  - Undefined Weak Reference
    __cxa_finalize                            - Undefined Weak Reference
    __rt_locale                               - Undefined Weak Reference
    __sigvec_lookup                           - Undefined Weak Reference
    _atexit_init                              - Undefined Weak Reference
    _call_atexit_fns                          - Undefined Weak Reference
    _clock_init                               - Undefined Weak Reference
    _fp_trap_init                             - Undefined Weak Reference
    _fp_trap_shutdown                         - Undefined Weak Reference
    _get_lc_collate                           - Undefined Weak Reference
    _get_lc_ctype                             - Undefined Weak Reference
    _get_lc_monetary                          - Undefined Weak Reference
    _get_lc_numeric                           - Undefined Weak Reference
    _get_lc_time                              - Undefined Weak Reference
    _getenv_init                              - Undefined Weak Reference
    _handle_redirection                       - Undefined Weak Reference
    _init_alloc                               - Undefined Weak Reference
    _init_user_alloc                          - Undefined Weak Reference
    _initio                                   - Undefined Weak Reference
    _rand_init                                - Undefined Weak Reference
    _signal_finish                            - Undefined Weak Reference
    _signal_init                              - Undefined Weak Reference
    _terminate_alloc                          - Undefined Weak Reference
    _terminate_user_alloc                     - Undefined Weak Reference
    _terminateio                              - Undefined Weak Reference
    __main                                   0x000000c1   Thumb Code     8  __main.o(!!!main)
    __scatterload                            0x000000c9   Thumb Code     0  __scatter.o(!!!scatter)
    __scatterload_rt2                        0x000000c9   Thumb Code    52  __scatter.o(!!!scatter)
    __scatterload_rt2_thumb_only             0x000000c9   Thumb Code     0  __scatter.o(!!!scatter)
    __scatterload_null                       0x000000d9   Thumb Code     0  __scatter.o(!!!scatter)
    __scatterload_copy                       0x00000105   Thumb Code    26  __scatter_copy.o(!!handler_copy)
    __scatterload_zeroinit                   0x00000121   Thumb Code    28  __scatter_zi.o(!!handler_zi)
    __rt_lib_init                            0x0000013d   Thumb Code     0  libinit.o(.ARM.Collect$$libinit$$00000000)
    __rt_lib_init_fp_1                       0x0000013f   Thumb Code     0  libinit2.o(.ARM.Collect$$libinit$$00000001)
    __rt_lib_init_alloca_1                   0x00000143   Thumb Code     0  libinit2.o(.ARM.Collect$$libinit$$0000002C)
    __rt_lib_init_argv_1                     0x00000143   Thumb Code     0  libinit2.o(.ARM.Collect$$libinit$$0000002A)
    __rt_lib_init_atexit_1                   0x00000143   Thumb Code     0  libinit2.o(.ARM.Collect$$libinit$$00000019)
    __rt_lib_init_clock_1                    0x00000143   Thumb Code     0  libinit2.o(.ARM.Collect$$libinit$$0000001F)
    __rt_lib_init_cpp_1                      0x00000143   Thumb Code     0  libinit2.o(.ARM.Collect$$libinit$$00000030)
    __rt_lib_init_exceptions_1               0x00000143   Thumb Code     0  libinit2.o(.ARM.Collect$$libinit$$0000002E)
    __rt_lib_init_fp_trap_1                  0x00000143   Thumb Code     0  libinit2.o(.ARM.Collect$$libinit$$0000001D)
    __rt_lib_init_getenv_1                   0x00000143   Thumb Code     0  libinit2.o(.ARM.Collect$$libinit$$00000021)
    __rt_lib_init_heap_1                     0x00000143   Thumb Code     0  libinit2.o(.ARM.Collect$$libinit$$00000008)
    __rt_lib_init_lc_collate_1               0x00000143   Thumb Code     0  libinit2.o(.ARM.Collect$$libinit$$0000000F)
    __rt_lib_init_lc_ctype_1                 0x00000143   Thumb Code     0  libinit2.o(.ARM.Collect$$libinit$$00000011)
    __rt_lib_init_lc_monetary_1              0x00000143   Thumb Code     0  libinit2.o(.ARM.Collect$$libinit$$00000013)
    __rt_lib_init_lc_numeric_1               0x00000143   Thumb Code     0  libinit2.o(.ARM.Collect$$libinit$$00000015)
    __rt_lib_init_lc_time_1                  0x00000143   Thumb Code     0  libinit2.o(.ARM.Collect$$libinit$$00000017)
    __rt_lib_init_rand_1                     0x00000143   Thumb Code     0  libinit2.o(.ARM.Collect$$libinit$$0000000C)
    __rt_lib_init_return                     0x00000143   Thumb Code     0  libinit2.o(.ARM.Collect$$libinit$$00000031)
    __rt_lib_init_signal_1                   0x00000143   Thumb Code     0  libinit2.o(.ARM.Collect$$libinit$$0000001B)
    __rt_lib_init_stdio_1                    0x00000143   Thumb Code     0  libinit2.o(.ARM.Collect$$libinit$$00000023)
    __rt_lib_init_user_alloc_1               0x00000143   Thumb Code     0  libinit2.o(.ARM.Collect$$libinit$$0000000A)
    __rt_lib_shutdown                        0x00000145   Thumb Code     0  libshutdown.o(.ARM.Collect$$libshutdown$$00000000)
    __rt_lib_shutdown_fp_trap_1              0x00000147   Thumb Code     0  libshutdown2.o(.ARM.Collect$$libshutdown$$00000006)
    __rt_lib_shutdown_heap_1                 0x00000147   Thumb Code     0  libshutdown2.o(.ARM.Collect$$libshutdown$$0000000E)
    __rt_lib_shutdown_return                 0x00000147   Thumb Code     0  libshutdown2.o(.ARM.Collect$$libshutdown$$0000000F)
    __rt_lib_shutdown_signal_1               0x00000147   Thumb Code     0  libshutdown2.o(.ARM.Collect$$libshutdown$$00000009)
    __rt_lib_shutdown_stdio_1                0x00000147   Thumb Code     0  libshutdown2.o(.ARM.Collect$$libshutdown$$00000003)
    __rt_lib_shutdown_user_alloc_1           0x00000147   Thumb Code     0  libshutdown2.o(.ARM.Collect$$libshutdown$$0000000B)
    __rt_entry                               0x00000149   Thumb Code     0  rtentry.o(.ARM.Collect$$rtentry$$00000000)
    __rt_entry_presh_1                       0x00000149   Thumb Code     0  rtentry2.o(.ARM.Collect$$rtentry$$00000002)
    __rt_entry_sh                            0x00000149   Thumb Code     0  rtentry4.o(.ARM.Collect$$rtentry$$00000004)
    __rt_entry_li                            0x0000014f   Thumb Code     0  rtentry2.o(.ARM.Collect$$rtentry$$0000000A)
    __rt_entry_postsh_1                      0x0000014f   Thumb Code     0  rtentry2.o(.ARM.Collect$$rtentry$$00000009)
    __rt_entry_main                          0x00000153   Thumb Code     0  rtentry2.o(.ARM.Collect$$rtentry$$0000000D)
    __rt_entry_postli_1                      0x00000153   Thumb Code     0  rtentry2.o(.ARM.Collect$$rtentry$$0000000C)
    __rt_exit                                0x0000015b   Thumb Code     0  rtexit.o(.ARM.Collect$$rtexit$$00000000)
    __rt_exit_ls                             0x0000015d   Thumb Code     0  rtexit2.o(.ARM.Collect$$rtexit$$00000003)
    __rt_exit_prels_1                        0x0000015d   Thumb Code     0  rtexit2.o(.ARM.Collect$$rtexit$$00000002)
    __rt_exit_exit                           0x00000161   Thumb Code     0  rtexit2.o(.ARM.Collect$$rtexit$$00000004)
    Reset_Handler                            0x00000169   Thumb Code     8  startup_lpc11xx.o(.text)
    NMI_Handler                              0x00000171   Thumb Code     2  startup_lpc11xx.o(.text)
    HardFault_Handler                        0x00000173   Thumb Code     2  startup_lpc11xx.o(.text)
    SVC_Handler                              0x00000175   Thumb Code     2  startup_lpc11xx.o(.text)
    PendSV_Handler                           0x00000177   Thumb Code     2  startup_lpc11xx.o(.text)
    SysTick_Handler                          0x00000179   Thumb Code     2  startup_lpc11xx.o(.text)
    ADC_IRQHandler                           0x0000017b   Thumb Code     0  startup_lpc11xx.o(.text)
    BOD_IRQHandler                           0x0000017b   Thumb Code     0  startup_lpc11xx.o(.text)
    CAN_IRQHandler                           0x0000017b   Thumb Code     0  startup_lpc11xx.o(.text)
    FMC_IRQHandler                           0x0000017b   Thumb Code     0  startup_lpc11xx.o(.text)
    PIOINT0_IRQHandler                       0x0000017b   Thumb Code     0  startup_lpc11xx.o(.text)
    PIOINT1_IRQHandler                       0x0000017b   Thumb Code     0  startup_lpc11xx.o(.text)
    PIOINT2_IRQHandler                       0x0000017b   Thumb Code     0  startup_lpc11xx.o(.text)
    PIOINT3_IRQHandler                       0x0000017b   Thumb Code     0  startup_lpc11xx.o(.text)
    TIMER16_0_IRQHandler                     0x0000017b   Thumb Code     0  startup_lpc11xx.o(.text)
    TIMER16_1_IRQHandler                     0x0000017b   Thumb Code     0  startup_lpc11xx.o(.text)
    TIMER32_0_IRQHandler                     0x0000017b   Thumb Code     0  startup_lpc11xx.o(.text)
    TIMER32_1_IRQHandler                     0x0000017b   Thumb Code     0  startup_lpc11xx.o(.text)
    USB_FIQHandler                           0x0000017b   Thumb Code     0  startup_lpc11xx.o(.text)
    USB_IRQHandler                           0x0000017b   Thumb Code     0  startup_lpc11xx.o(.text)
    WAKEUP_IRQHandler                        0x0000017b   Thumb Code     0  startup_lpc11xx.o(.text)
    WDT_IRQHandler                           0x0000017b   Thumb Code     0  startup_lpc11xx.o(.text)
    __user_initial_stackheap                 0x0000017d   Thumb Code     0  startup_lpc11xx.o(.text)
    kalman_init                              0x0000019d   Thumb Code    28  kalman.o(.text)
    kalman_update                            0x000001b9   Thumb Code   298  kalman.o(.text)
    __I$use$semihosting                      0x000002f1   Thumb Code     0  use_no_semi.o(.text)
    __use_no_semihosting_swi                 0x000002f1   Thumb Code     2  use_no_semi.o(.text)
    __use_two_region_memory                  0x000002f3   Thumb Code     2  heapauxi.o(.text)
    __rt_heap_escrow$2region                 0x000002f5   Thumb Code     2  heapauxi.o(.text)
    __rt_heap_expand$2region                 0x000002f7   Thumb Code     2  heapauxi.o(.text)
    __I$use$fp                               0x000002f8   Number         0  usenofp.o(x$fpl$usenofp)
    SystemCoreClockUpdate                    0x00000301   Thumb Code   358  system_lpc11xx.o(.text)
    SystemInit                               0x00000467   Thumb Code   108  system_lpc11xx.o(.text)
    configureGPIO                            0x00000521   Thumb Code    52  main.o(.text)
    ledOn                                    0x00000555   Thumb Code    20  main.o(.text)
    ledOff                                   0x00000569   Thumb Code    20  main.o(.text)
    toggleLed                                0x0000057d   Thumb Code    22  main.o(.text)
    main                                     0x00000593   Thumb Code  1756  main.o(.text)
    I2C_IRQHandler                           0x00000c95   Thumb Code   426  i2c.o(.text)
    I2CStart                                 0x00000e3f   Thumb Code    42  i2c.o(.text)
    I2CStop                                  0x00000e69   Thumb Code    28  i2c.o(.text)
    I2CInit                                  0x00000e85   Thumb Code   118  i2c.o(.text)
    I2CEngine                                0x00000efb   Thumb Code    74  i2c.o(.text)
    motors_init                              0x00000f75   Thumb Code   228  motors.o(.text)
    set_motor                                0x00001059   Thumb Code    86  motors.o(.text)
    clearBuffer                              0x000010d1   Thumb Code    18  mpu.o(.text)
    MPU6050_init                             0x000010e3   Thumb Code   210  mpu.o(.text)
    MPU6050_whoami                           0x000011b5   Thumb Code    58  mpu.o(.text)
    MPU6050_getGyroX_raw                     0x000011ef   Thumb Code    64  mpu.o(.text)
    MPU6050_setZero                          0x0000122f   Thumb Code    36  mpu.o(.text)
    MPU6050_getGyroX_degree                  0x00001253   Thumb Code    36  mpu.o(.text)
    MPU6050_getGyroY_raw                     0x00001277   Thumb Code    64  mpu.o(.text)
    MPU6050_getGyroY_degree                  0x000012b7   Thumb Code    36  mpu.o(.text)
    MPU6050_getGyroZ_raw                     0x000012db   Thumb Code    64  mpu.o(.text)
    MPU6050_getGyroZ_degree                  0x0000131b   Thumb Code    36  mpu.o(.text)
    MPU6050_getAccel_x_raw                   0x0000133f   Thumb Code    82  mpu.o(.text)
    MPU6050_getAccel_x                       0x00001391   Thumb Code    30  mpu.o(.text)
    MPU6050_getAccel_z_raw                   0x000013af   Thumb Code    82  mpu.o(.text)
    MPU6050_getAccel_z                       0x00001401   Thumb Code    30  mpu.o(.text)
    MPU6050_getAccel_y_raw                   0x0000141f   Thumb Code    82  mpu.o(.text)
    MPU6050_getAccel_y                       0x00001471   Thumb Code    30  mpu.o(.text)
    pid_compute                              0x000014b5   Thumb Code   194  pid.o(.text)
    SetTunings                               0x00001577   Thumb Code   138  pid.o(.text)
    SetSampleTime                            0x00001601   Thumb Code   114  pid.o(.text)
    SetOutputLimits                          0x00001673   Thumb Code    88  pid.o(.text)
    pid_init                                 0x000016cb   Thumb Code    52  pid.o(.text)
    SetMode                                  0x000016ff   Thumb Code    44  pid.o(.text)
    SetControllerDirection                   0x0000172b   Thumb Code     6  pid.o(.text)
    getMotorSpeed                            0x00001731   Thumb Code    64  pid.o(.text)
    fputc                                    0x00001785   Thumb Code    14  retarget.o(.text)
    fgetc                                    0x00001793   Thumb Code    16  retarget.o(.text)
    ferror                                   0x000017a3   Thumb Code     8  retarget.o(.text)
    _ttywrch                                 0x000017ab   Thumb Code    12  retarget.o(.text)
    _sys_exit                                0x000017b7   Thumb Code     4  retarget.o(.text)
    SSP0_IRQHandler                          0x000017bd   Thumb Code    66  ssp.o(.text)
    SSP1_IRQHandler                          0x000017ff   Thumb Code    66  ssp.o(.text)
    SSP_IOConfig                             0x00001841   Thumb Code   334  ssp.o(.text)
    SSP_Init                                 0x0000198f   Thumb Code   102  ssp.o(.text)
    SSP_Send                                 0x000019f5   Thumb Code   106  ssp.o(.text)
    SSP_Receive                              0x00001a5f   Thumb Code    76  ssp.o(.text)
    reset_timer32                            0x00001af5   Thumb Code    38  timer32.o(.text)
    init_timer32                             0x00001b1b   Thumb Code    64  timer32.o(.text)
    delay32Us                                0x00001b5b   Thumb Code    76  timer32.o(.text)
    delay32Ms                                0x00001ba7   Thumb Code    76  timer32.o(.text)
    enable_timer32                           0x00001bf3   Thumb Code    24  timer32.o(.text)
    disable_timer32                          0x00001c0b   Thumb Code    24  timer32.o(.text)
    read_timer32                             0x00001c23   Thumb Code    22  timer32.o(.text)
    init_timer32PWM                          0x00001c39   Thumb Code   402  timer32.o(.text)
    setMatch_timer32PWM                      0x00001dcb   Thumb Code    98  timer32.o(.text)
    UART_IRQHandler                          0x00001e49   Thumb Code   180  uart.o(.text)
    ModemInit                                0x00001efd   Thumb Code   190  uart.o(.text)
    UARTInit                                 0x00001fbb   Thumb Code   266  uart.o(.text)
    UARTSend                                 0x000020c5   Thumb Code    30  uart.o(.text)
    UARTAvailable                            0x000020e3   Thumb Code     6  uart.o(.text)
    UARTPeek                                 0x000020e9   Thumb Code     6  uart.o(.text)
    sendchar                                 0x000020ef   Thumb Code    18  uart.o(.text)
    getkey                                   0x00002101   Thumb Code    52  uart.o(.text)
    __aeabi_uidiv                            0x00002161   Thumb Code     0  aeabi_sdiv.o(.text)
    __aeabi_uidivmod                         0x00002161   Thumb Code    20  aeabi_sdiv.o(.text)
    __aeabi_idiv                             0x00002175   Thumb Code     0  aeabi_sdiv.o(.text)
    __aeabi_idivmod                          0x00002175   Thumb Code   326  aeabi_sdiv.o(.text)
    __aeabi_d2f                              0x000022bd   Thumb Code     0  d2f.o(.text)
    _d2f                                     0x000022bd   Thumb Code   120  d2f.o(.text)
    __aeabi_dadd                             0x0000262b   Thumb Code     0  daddsub.o(.text)
    _dadd                                    0x0000262b   Thumb Code    22  daddsub.o(.text)
    __aeabi_dsub                             0x00002641   Thumb Code     0  daddsub.o(.text)
    _dsub                                    0x00002641   Thumb Code    22  daddsub.o(.text)
    __aeabi_drsub                            0x00002657   Thumb Code     0  daddsub.o(.text)
    _drsb                                    0x00002657   Thumb Code    24  daddsub.o(.text)
    __aeabi_ddiv                             0x00002685   Thumb Code     0  ddiv.o(.text)
    _ddiv                                    0x00002685   Thumb Code  1076  ddiv.o(.text)
    _drdiv                                   0x00002ab9   Thumb Code    20  ddiv.o(.text)
    __aeabi_i2d_normalise                    0x00002ad1   Thumb Code    66  dflti.o(.text)
    __aeabi_i2d                              0x00002b13   Thumb Code    16  dflti.o(.text)
    _dflt                                    0x00002b13   Thumb Code     0  dflti.o(.text)
    __aeabi_ui2d                             0x00002b23   Thumb Code     6  dflti.o(.text)
    _dfltu                                   0x00002b23   Thumb Code     0  dflti.o(.text)
    __aeabi_dmul                             0x00002b29   Thumb Code     0  dmul.o(.text)
    _dmul                                    0x00002b29   Thumb Code   578  dmul.o(.text)
    __aeabi_f2d                              0x00002d81   Thumb Code     0  f2d.o(.text)
    _f2d                                     0x00002d81   Thumb Code    82  f2d.o(.text)
    __aeabi_fdiv                             0x00002dd9   Thumb Code     0  fdiv.o(.text)
    _fdiv                                    0x00002dd9   Thumb Code   336  fdiv.o(.text)
    _frdiv                                   0x00002f29   Thumb Code     8  fdiv.o(.text)
    __aeabi_f2iz                             0x00002f39   Thumb Code     0  ffixi.o(.text)
    _ffix                                    0x00002f39   Thumb Code    76  ffixi.o(.text)
    __aeabi_f2uiz                            0x00002f85   Thumb Code     0  ffixui.o(.text)
    _ffixu                                   0x00002f85   Thumb Code    48  ffixui.o(.text)
    __aeabi_i2f_normalise                    0x00002fb5   Thumb Code    72  fflti.o(.text)
    __aeabi_i2f                              0x00002ffd   Thumb Code    16  fflti.o(.text)
    _fflt                                    0x00002ffd   Thumb Code     0  fflti.o(.text)
    __aeabi_ui2f                             0x0000300d   Thumb Code     6  fflti.o(.text)
    _ffltu                                   0x0000300d   Thumb Code     0  fflti.o(.text)
    __fpl_fcmp_InfNaN                        0x00003015   Thumb Code    96  fcmpin.o(.text)
    __fpl_cmpreturn                          0x00003079   Thumb Code    42  cmpret.o(.text)
    __ARM_scalbn                             0x000030a9   Thumb Code    80  dscalbn.o(.text)
    __fpl_fcheck_NaN2                        0x00003105   Thumb Code    10  fnan2.o(.text)
    __user_libspace                          0x00003115   Thumb Code     8  libspace.o(.text)
    __user_perproc_libspace                  0x00003115   Thumb Code     0  libspace.o(.text)
    __user_perthread_libspace                0x00003115   Thumb Code     0  libspace.o(.text)
    __user_setup_stackheap                   0x0000311d   Thumb Code    62  sys_stackheap_outer.o(.text)
    exit                                     0x0000315b   Thumb Code    12  exit.o(.text)
    __fpl_return_NaN                         0x00003167   Thumb Code    94  retnan.o(.text)
    __ARM_common_switch8                     0x000031c5   Thumb Code    28  system_lpc11xx.o(i.__ARM_common_switch8)
    __ARM_fpclassify                         0x000031e1   Thumb Code    38  fpclassify.o(i.__ARM_fpclassify)
    __kernel_poly                            0x0000320d   Thumb Code   172  poly.o(i.__kernel_poly)
    __mathlib_dbl_underflow                  0x000032b9   Thumb Code    14  dunder.o(i.__mathlib_dbl_underflow)
    atan                                     0x000032cd   Thumb Code   474  atan.o(i.atan)
    atan2                                    0x000034ed   Thumb Code   336  atan2.o(i.atan2)
    __aeabi_fadd                             0x00003665   Thumb Code     0  faddsub.o(x$fpl$fadd)
    _fadd                                    0x00003665   Thumb Code   134  faddsub.o(x$fpl$fadd)
    __aeabi_cfcmple                          0x000036f1   Thumb Code     0  flef.o(x$fpl$fleqf)
    _fcmple                                  0x000036f1   Thumb Code    78  flef.o(x$fpl$fleqf)
    __aeabi_fmul                             0x00003745   Thumb Code     0  fmul.o(x$fpl$fmul)
    _fmul                                    0x00003745   Thumb Code   172  fmul.o(x$fpl$fmul)
    __aeabi_cfrcmple                         0x000037f5   Thumb Code     0  frlef.o(x$fpl$frleqf)
    _frcmple                                 0x000037f5   Thumb Code    84  frlef.o(x$fpl$frleqf)
    __aeabi_frsub                            0x0000384d   Thumb Code     0  faddsub.o(x$fpl$frsb)
    _frsb                                    0x0000384d   Thumb Code    24  faddsub.o(x$fpl$frsb)
    __aeabi_fsub                             0x00003865   Thumb Code     0  faddsub.o(x$fpl$fsub)
    _fsub                                    0x00003865   Thumb Code   204  faddsub.o(x$fpl$fsub)
    __mathlib_zero                           0x00003a90   Data           8  qnan.o(.constdata)
    Region$$Table$$Base                      0x00003a98   Number         0  anon$$obj.o(Region$$Table)
    Region$$Table$$Limit                     0x00003ab8   Number         0  anon$$obj.o(Region$$Table)
    SystemCoreClock                          0x10000000   Data           4  system_lpc11xx.o(.data)
    max_acc                                  0x10000004   Data           4  main.o(.data)
    ledState                                 0x10000008   Data           4  main.o(.data)
    acc_angle_x                              0x1000000c   Data           4  main.o(.data)
    acc_angle_y                              0x10000010   Data           4  main.o(.data)
    acc_angle_z                              0x10000014   Data           4  main.o(.data)
    acc_x                                    0x10000018   Data           4  main.o(.data)
    acc_y                                    0x1000001c   Data           4  main.o(.data)
    acc_z                                    0x10000020   Data           4  main.o(.data)
    gyro_x                                   0x10000024   Data           4  main.o(.data)
    gyro_y                                   0x10000028   Data           4  main.o(.data)
    gyro_z                                   0x1000002c   Data           4  main.o(.data)
    kal_roll_angle                           0x10000030   Data           4  main.o(.data)
    kal_pitch_angle                          0x10000034   Data           4  main.o(.data)
    kal_yaw_angle                            0x10000038   Data           4  main.o(.data)
    pid_roll_output                          0x1000003c   Data           4  main.o(.data)
    pid_pitch_output                         0x10000040   Data           4  main.o(.data)
    pid_yaw_output                           0x10000044   Data           4  main.o(.data)
    motor_speed_1                            0x10000048   Data           4  main.o(.data)
    motor_speed_2                            0x1000004c   Data           4  main.o(.data)
    motor_speed_3                            0x10000050   Data           4  main.o(.data)
    motor_speed_4                            0x10000054   Data           4  main.o(.data)
    motor_speed_pitch                        0x10000058   Data           4  main.o(.data)
    motor_speed_roll                         0x1000005c   Data           4  main.o(.data)
    motor_speed_yaw                          0x10000060   Data           4  main.o(.data)
    dt                                       0x10000064   Data           4  main.o(.data)
    now                                      0x10000068   Data           4  main.o(.data)
    startTime                                0x1000006c   Data           4  main.o(.data)
    lastReadTime                             0x10000070   Data           4  main.o(.data)
    lastBlinkTime                            0x10000074   Data           4  main.o(.data)
    i                                        0x10000078   Data           4  main.o(.data)
    I2CMasterState                           0x1000007c   Data           4  i2c.o(.data)
    I2CSlaveState                            0x10000080   Data           4  i2c.o(.data)
    timeout                                  0x10000084   Data           4  i2c.o(.data)
    I2CCount                                 0x10000088   Data           4  i2c.o(.data)
    RdIndex                                  0x1000008c   Data           4  i2c.o(.data)
    WrIndex                                  0x10000090   Data           4  i2c.o(.data)
    I2CMode                                  0x10000094   Data           4  i2c.o(.data)
    I2CReadLength                            0x10000098   Data           4  i2c.o(.data)
    I2CWriteLength                           0x1000009c   Data           4  i2c.o(.data)
    zero_acc_x                               0x100000a0   Data           4  mpu.o(.data)
    zero_acc_z                               0x100000a4   Data           4  mpu.o(.data)
    zero_acc_y                               0x100000a8   Data           4  mpu.o(.data)
    zero_gyro_roll                           0x100000ac   Data           2  mpu.o(.data)
    controllerDirection                      0x100000b0   Data           4  pid.o(.data)
    interruptRxStat0                         0x100000b4   Data           4  ssp.o(.data)
    interruptOverRunStat0                    0x100000b8   Data           4  ssp.o(.data)
    interruptRxTimeoutStat0                  0x100000bc   Data           4  ssp.o(.data)
    interruptRxStat1                         0x100000c0   Data           4  ssp.o(.data)
    interruptOverRunStat1                    0x100000c4   Data           4  ssp.o(.data)
    interruptRxTimeoutStat1                  0x100000c8   Data           4  ssp.o(.data)
    timer32_0_period                         0x100000cc   Data           4  timer32.o(.data)
    timer32_1_period                         0x100000d0   Data           4  timer32.o(.data)
    UARTTxEmpty                              0x100000d4   Data           1  uart.o(.data)
    UARTCount                                0x100000d8   Data           4  uart.o(.data)
    UARTStatus                               0x100000dc   Data           4  uart.o(.data)
    kal_roll                                 0x100000e0   Data          56  main.o(.bss)
    kal_pitch                                0x10000118   Data          56  main.o(.bss)
    kal_yaw                                  0x10000150   Data          56  main.o(.bss)
    pid_roll                                 0x10000188   Data          52  main.o(.bss)
    pid_pitch                                0x100001bc   Data          52  main.o(.bss)
    pid_yaw                                  0x100001f0   Data          52  main.o(.bss)
    pid_x                                    0x10000224   Data          52  main.o(.bss)
    pid_y                                    0x10000258   Data          52  main.o(.bss)
    pid_z                                    0x1000028c   Data          52  main.o(.bss)
    I2CMasterBuffer                          0x100002c0   Data          64  i2c.o(.bss)
    I2CSlaveBuffer                           0x10000300   Data          64  i2c.o(.bss)
    UARTBuffer                               0x10000340   Data          64  uart.o(.bss)
    __libspace_start                         0x10000380   Data          96  libspace.o(.bss)
    __temporary_stack_top$libspace           0x100003e0   Data           0  libspace.o(.bss)



==============================================================================

Memory Map of the image

  Image Entry point : 0x00000169

  Load Region LR_1 (Base: 0x00000000, Size: 0x00003b98, Max: 0xffffffff, ABSOLUTE)

    Execution Region ER_RO (Base: 0x00000000, Size: 0x00003ab8, Max: 0xffffffff, ABSOLUTE)

    Base Addr    Size         Type   Attr      Idx    E Section Name        Object

    0x00000000   0x000000c0   Data   RO            3    RESET               startup_lpc11xx.o
    0x000000c0   0x00000008   Code   RO          374  * !!!main             c_p.l(__main.o)
    0x000000c8   0x0000003c   Code   RO          611    !!!scatter          c_p.l(__scatter.o)
    0x00000104   0x0000001a   Code   RO          613    !!handler_copy      c_p.l(__scatter_copy.o)
    0x0000011e   0x00000002   PAD
    0x00000120   0x0000001c   Code   RO          615    !!handler_zi        c_p.l(__scatter_zi.o)
    0x0000013c   0x00000002   Code   RO          490    .ARM.Collect$$libinit$$00000000  c_p.l(libinit.o)
    0x0000013e   0x00000004   Code   RO          502    .ARM.Collect$$libinit$$00000001  c_p.l(libinit2.o)
    0x00000142   0x00000000   Code   RO          506    .ARM.Collect$$libinit$$00000008  c_p.l(libinit2.o)
    0x00000142   0x00000000   Code   RO          508    .ARM.Collect$$libinit$$0000000A  c_p.l(libinit2.o)
    0x00000142   0x00000000   Code   RO          510    .ARM.Collect$$libinit$$0000000C  c_p.l(libinit2.o)
    0x00000142   0x00000000   Code   RO          513    .ARM.Collect$$libinit$$0000000F  c_p.l(libinit2.o)
    0x00000142   0x00000000   Code   RO          515    .ARM.Collect$$libinit$$00000011  c_p.l(libinit2.o)
    0x00000142   0x00000000   Code   RO          517    .ARM.Collect$$libinit$$00000013  c_p.l(libinit2.o)
    0x00000142   0x00000000   Code   RO          519    .ARM.Collect$$libinit$$00000015  c_p.l(libinit2.o)
    0x00000142   0x00000000   Code   RO          521    .ARM.Collect$$libinit$$00000017  c_p.l(libinit2.o)
    0x00000142   0x00000000   Code   RO          523    .ARM.Collect$$libinit$$00000019  c_p.l(libinit2.o)
    0x00000142   0x00000000   Code   RO          525    .ARM.Collect$$libinit$$0000001B  c_p.l(libinit2.o)
    0x00000142   0x00000000   Code   RO          527    .ARM.Collect$$libinit$$0000001D  c_p.l(libinit2.o)
    0x00000142   0x00000000   Code   RO          529    .ARM.Collect$$libinit$$0000001F  c_p.l(libinit2.o)
    0x00000142   0x00000000   Code   RO          531    .ARM.Collect$$libinit$$00000021  c_p.l(libinit2.o)
    0x00000142   0x00000000   Code   RO          533    .ARM.Collect$$libinit$$00000023  c_p.l(libinit2.o)
    0x00000142   0x00000000   Code   RO          537    .ARM.Collect$$libinit$$0000002A  c_p.l(libinit2.o)
    0x00000142   0x00000000   Code   RO          539    .ARM.Collect$$libinit$$0000002C  c_p.l(libinit2.o)
    0x00000142   0x00000000   Code   RO          541    .ARM.Collect$$libinit$$0000002E  c_p.l(libinit2.o)
    0x00000142   0x00000000   Code   RO          543    .ARM.Collect$$libinit$$00000030  c_p.l(libinit2.o)
    0x00000142   0x00000002   Code   RO          544    .ARM.Collect$$libinit$$00000031  c_p.l(libinit2.o)
    0x00000144   0x00000002   Code   RO          568    .ARM.Collect$$libshutdown$$00000000  c_p.l(libshutdown.o)
    0x00000146   0x00000000   Code   RO          595    .ARM.Collect$$libshutdown$$00000003  c_p.l(libshutdown2.o)
    0x00000146   0x00000000   Code   RO          598    .ARM.Collect$$libshutdown$$00000006  c_p.l(libshutdown2.o)
    0x00000146   0x00000000   Code   RO          601    .ARM.Collect$$libshutdown$$00000009  c_p.l(libshutdown2.o)
    0x00000146   0x00000000   Code   RO          603    .ARM.Collect$$libshutdown$$0000000B  c_p.l(libshutdown2.o)
    0x00000146   0x00000000   Code   RO          606    .ARM.Collect$$libshutdown$$0000000E  c_p.l(libshutdown2.o)
    0x00000146   0x00000002   Code   RO          607    .ARM.Collect$$libshutdown$$0000000F  c_p.l(libshutdown2.o)
    0x00000148   0x00000000   Code   RO          418    .ARM.Collect$$rtentry$$00000000  c_p.l(rtentry.o)
    0x00000148   0x00000000   Code   RO          440    .ARM.Collect$$rtentry$$00000002  c_p.l(rtentry2.o)
    0x00000148   0x00000006   Code   RO          452    .ARM.Collect$$rtentry$$00000004  c_p.l(rtentry4.o)
    0x0000014e   0x00000000   Code   RO          442    .ARM.Collect$$rtentry$$00000009  c_p.l(rtentry2.o)
    0x0000014e   0x00000004   Code   RO          443    .ARM.Collect$$rtentry$$0000000A  c_p.l(rtentry2.o)
    0x00000152   0x00000000   Code   RO          445    .ARM.Collect$$rtentry$$0000000C  c_p.l(rtentry2.o)
    0x00000152   0x00000008   Code   RO          446    .ARM.Collect$$rtentry$$0000000D  c_p.l(rtentry2.o)
    0x0000015a   0x00000002   Code   RO          494    .ARM.Collect$$rtexit$$00000000  c_p.l(rtexit.o)
    0x0000015c   0x00000000   Code   RO          546    .ARM.Collect$$rtexit$$00000002  c_p.l(rtexit2.o)
    0x0000015c   0x00000004   Code   RO          547    .ARM.Collect$$rtexit$$00000003  c_p.l(rtexit2.o)
    0x00000160   0x00000006   Code   RO          548    .ARM.Collect$$rtexit$$00000004  c_p.l(rtexit2.o)
    0x00000166   0x00000002   PAD
    0x00000168   0x00000034   Code   RO            5  * .text               startup_lpc11xx.o
    0x0000019c   0x00000154   Code   RO          202    .text               kalman.o
    0x000002f0   0x00000002   Code   RO          366    .text               c_p.l(use_no_semi.o)
    0x000002f2   0x00000006   Code   RO          372    .text               c_p.l(heapauxi.o)
    0x000002f8   0x00000000   Code   RO          427    x$fpl$usenofp       fz_ps.l(usenofp.o)
    0x000002f8   0x00000004   PAD
    0x000002fc   0x00000004   Code   RO            4    .ARM.__at_0x02FC    startup_lpc11xx.o
    0x00000300   0x00000220   Code   RO           15    .text               system_lpc11xx.o
    0x00000520   0x00000774   Code   RO           59    .text               main.o
    0x00000c94   0x000002e0   Code   RO          177    .text               i2c.o
    0x00000f74   0x0000015c   Code   RO          216    .text               motors.o
    0x000010d0   0x000003e4   Code   RO          234    .text               mpu.o
    0x000014b4   0x000002d0   Code   RO          253    .text               pid.o
    0x00001784   0x00000036   Code   RO          268    .text               retarget.o
    0x000017ba   0x00000002   PAD
    0x000017bc   0x00000338   Code   RO          293    .text               ssp.o
    0x00001af4   0x00000354   Code   RO          316    .text               timer32.o
    0x00001e48   0x00000318   Code   RO          339    .text               uart.o
    0x00002160   0x0000015a   Code   RO          368    .text               c_p.l(aeabi_sdiv.o)
    0x000022ba   0x00000002   PAD
    0x000022bc   0x0000007c   Code   RO          376    .text               fz_ps.l(d2f.o)
    0x00002338   0x0000034c   Code   RO          378    .text               fz_ps.l(daddsub.o)
    0x00002684   0x0000044c   Code   RO          380    .text               fz_ps.l(ddiv.o)
    0x00002ad0   0x00000058   Code   RO          383    .text               fz_ps.l(dflti.o)
    0x00002b28   0x00000258   Code   RO          385    .text               fz_ps.l(dmul.o)
    0x00002d80   0x00000058   Code   RO          387    .text               fz_ps.l(f2d.o)
    0x00002dd8   0x00000160   Code   RO          395    .text               fz_ps.l(fdiv.o)
    0x00002f38   0x0000004c   Code   RO          398    .text               fz_ps.l(ffixi.o)
    0x00002f84   0x00000030   Code   RO          400    .text               fz_ps.l(ffixui.o)
    0x00002fb4   0x0000005e   Code   RO          402    .text               fz_ps.l(fflti.o)
    0x00003012   0x00000002   PAD
    0x00003014   0x00000064   Code   RO          425    .text               fz_ps.l(fcmpin.o)
    0x00003078   0x00000030   Code   RO          461    .text               fz_ps.l(cmpret.o)
    0x000030a8   0x0000005c   Code   RO          463    .text               fz_ps.l(dscalbn.o)
    0x00003104   0x00000010   Code   RO          465    .text               fz_ps.l(fnan2.o)
    0x00003114   0x00000008   Code   RO          473    .text               c_p.l(libspace.o)
    0x0000311c   0x0000003e   Code   RO          476    .text               c_p.l(sys_stackheap_outer.o)
    0x0000315a   0x0000000c   Code   RO          479    .text               c_p.l(exit.o)
    0x00003166   0x0000005e   Code   RO          491    .text               fz_ps.l(retnan.o)
    0x000031c4   0x0000001c   Code   RO           33    i.__ARM_common_switch8  system_lpc11xx.o
    0x000031e0   0x0000002c   Code   RO          469    i.__ARM_fpclassify  m_ps.l(fpclassify.o)
    0x0000320c   0x000000ac   Code   RO          471    i.__kernel_poly     m_ps.l(poly.o)
    0x000032b8   0x00000014   Code   RO          467    i.__mathlib_dbl_underflow  m_ps.l(dunder.o)
    0x000032cc   0x00000220   Code   RO          429    i.atan              m_ps.l(atan.o)
    0x000034ec   0x00000178   Code   RO          411    i.atan2             m_ps.l(atan2.o)
    0x00003664   0x0000008c   Code   RO          389    x$fpl$fadd          fz_ps.l(faddsub.o)
    0x000036f0   0x00000054   Code   RO          404    x$fpl$fleqf         fz_ps.l(flef.o)
    0x00003744   0x000000b0   Code   RO          406    x$fpl$fmul          fz_ps.l(fmul.o)
    0x000037f4   0x00000058   Code   RO          408    x$fpl$frleqf        fz_ps.l(frlef.o)
    0x0000384c   0x00000018   Code   RO          390    x$fpl$frsb          fz_ps.l(faddsub.o)
    0x00003864   0x000000d0   Code   RO          391    x$fpl$fsub          fz_ps.l(faddsub.o)
    0x00003934   0x00000080   Data   RO          381    .constdata          fz_ps.l(ddiv.o)
    0x000039b4   0x00000040   Data   RO          396    .constdata          fz_ps.l(fdiv.o)
    0x000039f4   0x00000004   PAD
    0x000039f8   0x00000098   Data   RO          430    .constdata          m_ps.l(atan.o)
    0x00003a90   0x00000008   Data   RO          438    .constdata          m_ps.l(qnan.o)
    0x00003a98   0x00000020   Data   RO          609    Region$$Table       anon$$obj.o


    Execution Region ER_RW (Base: 0x10000000, Size: 0x000000e0, Max: 0xffffffff, ABSOLUTE)

    Base Addr    Size         Type   Attr      Idx    E Section Name        Object

    0x10000000   0x00000004   Data   RW           16    .data               system_lpc11xx.o
    0x10000004   0x00000078   Data   RW           61    .data               main.o
    0x1000007c   0x00000024   Data   RW          179    .data               i2c.o
    0x100000a0   0x0000000e   Data   RW          235    .data               mpu.o
    0x100000ae   0x00000002   PAD
    0x100000b0   0x00000004   Data   RW          254    .data               pid.o
    0x100000b4   0x00000018   Data   RW          294    .data               ssp.o
    0x100000cc   0x00000008   Data   RW          317    .data               timer32.o
    0x100000d4   0x0000000c   Data   RW          341    .data               uart.o


    Execution Region ER_ZI (Base: 0x100000e0, Size: 0x00000500, Max: 0xffffffff, ABSOLUTE)

    Base Addr    Size         Type   Attr      Idx    E Section Name        Object

    0x100000e0   0x000001e0   Zero   RW           60    .bss                main.o
    0x100002c0   0x00000080   Zero   RW          178    .bss                i2c.o
    0x10000340   0x00000040   Zero   RW          340    .bss                uart.o
    0x10000380   0x00000060   Zero   RW          474    .bss                c_p.l(libspace.o)
    0x100003e0   0x00000000   Zero   RW            2    HEAP                startup_lpc11xx.o
    0x100003e0   0x00000200   Zero   RW            1    STACK               startup_lpc11xx.o


==============================================================================

Image component sizes


      Code (inc. data)   RO Data    RW Data    ZI Data      Debug   Object Name

       736         62          0         36        128       7808   i2c.o
       340         14          0          0          0       1012   kalman.o
      1908        246          0        120        480       3980   main.o
       348         34          0          0          0        804   motors.o
       996         38          0         14          0       4877   mpu.o
       720         20          0          4          0       2907   pid.o
        54          0          0          0          0       2529   retarget.o
       824         60          0         24          0       2713   ssp.o
        56         26        192          0        512        724   startup_lpc11xx.o
       572         96          0          4          0      13897   system_lpc11xx.o
       852         28          0          8          0       2965   timer32.o
       792         44          0         12         64       8247   uart.o

    ----------------------------------------------------------------------
      8200        668        224        224       1184      52463   Object Totals
         0          0         32          0          0          0   (incl. Generated)
         2          0          0          2          0          0   (incl. Padding)

    ----------------------------------------------------------------------

      Code (inc. data)   RO Data    RW Data    ZI Data      Debug   Library Member Name

         8          0          0          0          0         68   __main.o
        60          8          0          0          0          0   __scatter.o
        26          0          0          0          0          0   __scatter_copy.o
        28          0          0          0          0          0   __scatter_zi.o
       346          0          0          0          0         92   aeabi_sdiv.o
        12          0          0          0          0         64   exit.o
         6          0          0          0          0        136   heapauxi.o
         2          0          0          0          0          0   libinit.o
         6          0          0          0          0          0   libinit2.o
         2          0          0          0          0          0   libshutdown.o
         2          0          0          0          0          0   libshutdown2.o
         8          4          0          0         96         68   libspace.o
         0          0          0          0          0          0   rtentry.o
        12          0          0          0          0          0   rtentry2.o
         6          0          0          0          0          0   rtentry4.o
         2          0          0          0          0          0   rtexit.o
        10          0          0          0          0          0   rtexit2.o
        62          0          0          0          0         80   sys_stackheap_outer.o
         2          0          0          0          0         68   use_no_semi.o
        48          6          0          0          0         60   cmpret.o
       124          4          0          0          0         72   d2f.o
       844         22          0          0          0        228   daddsub.o
      1100         28        128          0          0        116   ddiv.o
        88          0          0          0          0         92   dflti.o
       600         22          0          0          0         84   dmul.o
        92         12          0          0          0         72   dscalbn.o
        88          6          0          0          0         60   f2d.o
       372          8          0          0          0        240   faddsub.o
       100          4          0          0          0         68   fcmpin.o
       352          8         64          0          0         88   fdiv.o
        76          0          0          0          0         68   ffixi.o
        48          0          0          0          0         60   ffixui.o
        94          0          0          0          0         92   fflti.o
        84          4          0          0          0         76   flef.o
       176          4          0          0          0         80   fmul.o
        16          6          0          0          0         68   fnan2.o
        88          4          0          0          0         76   frlef.o
        94          0          0          0          0         68   retnan.o
         0          0          0          0          0          0   usenofp.o
       544         70        152          0          0        112   atan.o
       376         40          0          0          0        144   atan2.o
        20          6          0          0          0         68   dunder.o
        44          6          0          0          0         60   fpclassify.o
       172          0          0          0          0         76   poly.o
         0          0          8          0          0          0   qnan.o

    ----------------------------------------------------------------------
      6252        272        356          0         96       2804   Library Totals
        12          0          4          0          0          0   (incl. Padding)

    ----------------------------------------------------------------------

      Code (inc. data)   RO Data    RW Data    ZI Data      Debug   Library Name

       600         12          0          0         96        576   c_p.l
      4484        138        192          0          0       1768   fz_ps.l
      1156        122        160          0          0        460   m_ps.l

    ----------------------------------------------------------------------
      6252        272        356          0         96       2804   Library Totals

    ----------------------------------------------------------------------

==============================================================================


      Code (inc. data)   RO Data    RW Data    ZI Data      Debug   

     14452        940        580        224       1280      52803   Grand Totals
     14452        940        580        224       1280      52803   ELF Image Totals
     14452        940        580        224          0          0   ROM Totals

==============================================================================

    Total RO  Size (Code + RO Data)                15032 (  14.68kB)
    Total RW  Size (RW Data + ZI Data)              1504 (   1.47kB)
    Total ROM Size (Code + RO Data + RW Data)      15256 (  14.90kB)

==============================================================================

