<html>
<body>
<pre>
<h1>µVision Build Log</h1>
<h2>Project:</h2>
U:\Documents\ECE 395\ece395quadcopter\trunk\quadcopter.uvproj
Project File Date:  05/05/2014

<h2>Output:</h2>
Rebuild target 'Quadcopter'
assembling startup_LPC11xx.s...
compiling system_LPC11xx.c...
compiling main.c...
compiling cpu_lpc1000.c...
compiling debug_printf.c...
compiling i2c.c...
compiling kalman.c...
compiling motors.c...
compiling mpu.c...
compiling pid.c...
compiling retarget.c...
compiling ssp.c...
compiling system_LPC11xx.c...
compiling timer32.c...
compiling uart.c...
uart.c(154): warning:  #550-D: variable "regVal" was set but never used
    uint32_t regVal;
uart.c: 1 warning, 0 errors
linking...
.\blinky.axf: Warning: L6304W: Duplicate input file .\system_lpc11xx.o ignored.
Program Size: Code=13624 RO-data=576 RW-data=196 ZI-data=1284  
Finished: 0 information, 1 warning and 0 error messages.
".\blinky.axf" - 0 Error(s), 2 Warning(s).
Load "U:\\Documents\\ECE 395\\ece395quadcopter\\trunk\\blinky.axf" 
Erase Done.
Programming Done.
Verify OK.
OUT);
main.c(143): error:  #29: expected an expression
        SetOutputLimits(&pid_x, PID_MIN_OUT, PID_MAX_OUT);
main.c(144): error:  #29: expected an expression
        SetOutputLimits(&pid_y, PID_MIN_OUT, PID_MAX_OUT);
main.c(144): error:  #29: expected an expression
        SetOutputLimits(&pid_y, PID_MIN_OUT, PID_MAX_OUT);
main.c(145): error:  #29: expected an expression
        SetOutputLimits(&pid_z, PID_MIN_OUT, PID_MAX_OUT);
main.c(145): error:  #29: expected an expression
        SetOutputLimits(&pid_z, PID_MIN_OUT, PID_MAX_OUT);
main.c: 0 warnings, 12 errors
compiling cpu_lpc1000.c...
compiling debug_printf.c...
compiling i2c.c...
compiling kalman.c...
compiling motors.c...
compiling mpu.c...
compiling pid.c...
compiling retarget.c...
compiling ssp.c...
compiling system_LPC11xx.c...
compiling timer32.c...
compiling uart.c...
uart.c(154): warning:  #550-D: variable "regVal" was set but never used
    uint32_t regVal;
uart.c: 1 warning, 0 errors
".\blinky.axf" - 12 Error(s), 1 Warning(s).
Target not created
Load "U:\\Documents\\ECE 395\\ece395quadcopter\\trunk\\blinky.axf" 
Erase Done.
Programming Done.
Verify OK.
