<html>
<body>
<pre>
<h1>µVision Build Log</h1>
<h2>Project:</h2>
U:\Documents\ECE 395\ece395quadcopter\trunk\quadcopter.uvproj
Project File Date:  05/05/2014

<h2>Output:</h2>
Rebuild target 'Quadcopter'
assembling startup_LPC11xx.s...
compiling system_LPC11xx.c...
compiling main.c...
compiling i2c.c...
compiling kalman.c...
compiling motors.c...
compiling mpu.c...
compiling pid.c...
compiling retarget.c...
compiling timer32.c...
compiling uart.c...
uart.c(154): warning:  #550-D: variable "regVal" was set but never used
    uint32_t regVal;
uart.c: 1 warning, 0 errors
linking...
Program Size: Code=14344 RO-data=576 RW-data=208 ZI-data=1280  
".\blinky.axf" - 0 Error(s), 1 Warning(s).
.
Program Size: Code=14344 RO-data=576 RW-data=208 ZI-data=1280  
Finished: 0 information, 1 warning and 0 error messages.
".\blinky.axf" - 0 Error(s), 2 Warning(s).
- 0 Error(s), 2 Warning(s).
 0 Error(s), 2 Warning(s).
(s), 2 Warning(s).
Load "U:\\Documents\\ECE 395\\ece395quadcopter\\trunk\\blinky.axf" 
Error: Flash Download failed  -  Target DLL has been cancelled
Load "U:\\Documents\\ECE 395\\ece395quadcopter\\trunk\\blinky.axf" 
Erase Done.
Programming Done.
Verify OK.
Load "U:\\Documents\\ECE 395\\ece395quadcopter\\trunk\\blinky.axf" 
Error: Flash Download failed  -  Target DLL has been cancelled
Load "U:\\Documents\\ECE 395\\ece395quadcopter\\trunk\\blinky.axf" 
Error: Flash Download failed  -  Target DLL has been cancelled
Load "U:\\Documents\\ECE 395\\ece395quadcopter\\trunk\\blinky.axf" 
Erase Done.
Programming Done.
Verify OK.
Load "U:\\Documents\\ECE 395\\ece395quadcopter\\trunk\\blinky.axf" 
Error: Flash Download failed  -  Target DLL has been cancelled
Load "U:\\Documents\\ECE 395\\ece395quadcopter\\trunk\\blinky.axf" 
Erase Done.
Programming Done.
Verify OK.
